[2024-02-05T18:39:05.233+0800][gc] Using G1
[2024-02-05T18:39:05.241+0800][gc,init] Version: 17.0.9+9-Ubuntu-122.04 (release)
[2024-02-05T18:39:05.241+0800][gc,init] CPUs: 8 total, 8 available
[2024-02-05T18:39:05.241+0800][gc,init] Memory: 15767M
[2024-02-05T18:39:05.241+0800][gc,init] Large Page Support: Disabled
[2024-02-05T18:39:05.241+0800][gc,init] NUMA Support: Disabled
[2024-02-05T18:39:05.241+0800][gc,init] Compressed Oops: Enabled (32-bit)
[2024-02-05T18:39:05.241+0800][gc,init] Heap Region Size: 1M
[2024-02-05T18:39:05.241+0800][gc,init] Heap Min Capacity: 1G
[2024-02-05T18:39:05.241+0800][gc,init] Heap Initial Capacity: 1G
[2024-02-05T18:39:05.241+0800][gc,init] Heap Max Capacity: 1G
[2024-02-05T18:39:05.241+0800][gc,init] Pre-touch: Disabled
[2024-02-05T18:39:05.241+0800][gc,init] Parallel Workers: 8
[2024-02-05T18:39:05.241+0800][gc,init] Concurrent Workers: 2
[2024-02-05T18:39:05.241+0800][gc,init] Concurrent Refinement Workers: 8
[2024-02-05T18:39:05.241+0800][gc,init] Periodic GC: Disabled
[2024-02-05T18:39:05.246+0800][gc,metaspace] CDS archive(s) mapped at: [0x00007ffa6b000000-0x00007ffa6bbc6000-0x00007ffa6bbc6000), size 12345344, SharedBaseAddress: 0x00007ffa6b000000, ArchiveRelocationMode: 1.
[2024-02-05T18:39:05.246+0800][gc,metaspace] Compressed class space mapped at: 0x00007ffa6c000000-0x00007ffaac000000, reserved size: 1073741824
[2024-02-05T18:39:05.246+0800][gc,metaspace] Narrow klass base: 0x00007ffa6b000000, Narrow klass shift: 0, Narrow klass range: 0x100000000
[2024-02-05T18:39:05.919+0800][gc,start    ] GC(0) Pause Young (Normal) (G1 Evacuation Pause)
[2024-02-05T18:39:05.920+0800][gc,task     ] GC(0) Using 8 workers of 8 for evacuation
[2024-02-05T18:39:05.923+0800][gc,phases   ] GC(0)   Pre Evacuate Collection Set: 0.1ms
[2024-02-05T18:39:05.923+0800][gc,phases   ] GC(0)   Merge Heap Roots: 0.0ms
[2024-02-05T18:39:05.923+0800][gc,phases   ] GC(0)   Evacuate Collection Set: 2.4ms
[2024-02-05T18:39:05.923+0800][gc,phases   ] GC(0)   Post Evacuate Collection Set: 0.3ms
[2024-02-05T18:39:05.923+0800][gc,phases   ] GC(0)   Other: 0.4ms
[2024-02-05T18:39:05.923+0800][gc,heap     ] GC(0) Eden regions: 51->0(44)
[2024-02-05T18:39:05.923+0800][gc,heap     ] GC(0) Survivor regions: 0->7(7)
[2024-02-05T18:39:05.923+0800][gc,heap     ] GC(0) Old regions: 0->1
[2024-02-05T18:39:05.923+0800][gc,heap     ] GC(0) Archive regions: 2->2
[2024-02-05T18:39:05.923+0800][gc,heap     ] GC(0) Humongous regions: 0->0
[2024-02-05T18:39:05.923+0800][gc,metaspace] GC(0) Metaspace: 18760K(18944K)->18760K(18944K) NonClass: 16512K(16576K)->16512K(16576K) Class: 2247K(2368K)->2247K(2368K)
[2024-02-05T18:39:05.923+0800][gc          ] GC(0) Pause Young (Normal) (G1 Evacuation Pause) 51M->8M(1024M) 3.346ms
[2024-02-05T18:39:05.923+0800][gc,cpu      ] GC(0) User=0.01s Sys=0.00s Real=0.01s
[2024-02-05T18:39:06.053+0800][gc,start    ] GC(1) Pause Young (Concurrent Start) (Metadata GC Threshold)
[2024-02-05T18:39:06.053+0800][gc,task     ] GC(1) Using 8 workers of 8 for evacuation
[2024-02-05T18:39:06.056+0800][gc,phases   ] GC(1)   Pre Evacuate Collection Set: 0.1ms
[2024-02-05T18:39:06.056+0800][gc,phases   ] GC(1)   Merge Heap Roots: 0.0ms
[2024-02-05T18:39:06.056+0800][gc,phases   ] GC(1)   Evacuate Collection Set: 2.7ms
[2024-02-05T18:39:06.056+0800][gc,phases   ] GC(1)   Post Evacuate Collection Set: 0.4ms
[2024-02-05T18:39:06.056+0800][gc,phases   ] GC(1)   Other: 0.2ms
[2024-02-05T18:39:06.057+0800][gc,heap     ] GC(1) Eden regions: 10->0(49)
[2024-02-05T18:39:06.057+0800][gc,heap     ] GC(1) Survivor regions: 7->2(7)
[2024-02-05T18:39:06.057+0800][gc,heap     ] GC(1) Old regions: 1->8
[2024-02-05T18:39:06.057+0800][gc,heap     ] GC(1) Archive regions: 2->2
[2024-02-05T18:39:06.057+0800][gc,heap     ] GC(1) Humongous regions: 0->0
[2024-02-05T18:39:06.057+0800][gc,metaspace] GC(1) Metaspace: 21287K(21504K)->21287K(21504K) NonClass: 18720K(18816K)->18720K(18816K) Class: 2567K(2688K)->2567K(2688K)
[2024-02-05T18:39:06.057+0800][gc          ] GC(1) Pause Young (Concurrent Start) (Metadata GC Threshold) 17M->9M(1024M) 3.502ms
[2024-02-05T18:39:06.057+0800][gc,cpu      ] GC(1) User=0.02s Sys=0.00s Real=0.01s
[2024-02-05T18:39:06.057+0800][gc          ] GC(2) Concurrent Mark Cycle
[2024-02-05T18:39:06.057+0800][gc,marking  ] GC(2) Concurrent Clear Claimed Marks
[2024-02-05T18:39:06.057+0800][gc,marking  ] GC(2) Concurrent Clear Claimed Marks 0.018ms
[2024-02-05T18:39:06.057+0800][gc,marking  ] GC(2) Concurrent Scan Root Regions
[2024-02-05T18:39:06.058+0800][gc,marking  ] GC(2) Concurrent Scan Root Regions 1.664ms
[2024-02-05T18:39:06.058+0800][gc,marking  ] GC(2) Concurrent Mark
[2024-02-05T18:39:06.058+0800][gc,marking  ] GC(2) Concurrent Mark From Roots
[2024-02-05T18:39:06.058+0800][gc,task     ] GC(2) Using 2 workers of 2 for marking
[2024-02-05T18:39:06.060+0800][gc,marking  ] GC(2) Concurrent Mark From Roots 1.078ms
[2024-02-05T18:39:06.060+0800][gc,marking  ] GC(2) Concurrent Preclean
[2024-02-05T18:39:06.060+0800][gc,marking  ] GC(2) Concurrent Preclean 0.043ms
[2024-02-05T18:39:06.060+0800][gc,start    ] GC(2) Pause Remark
[2024-02-05T18:39:06.061+0800][gc          ] GC(2) Pause Remark 9M->9M(1024M) 1.031ms
[2024-02-05T18:39:06.061+0800][gc,cpu      ] GC(2) User=0.00s Sys=0.00s Real=0.00s
[2024-02-05T18:39:06.061+0800][gc,marking  ] GC(2) Concurrent Mark 2.255ms
[2024-02-05T18:39:06.061+0800][gc,marking  ] GC(2) Concurrent Rebuild Remembered Sets
[2024-02-05T18:39:06.062+0800][gc,marking  ] GC(2) Concurrent Rebuild Remembered Sets 1.523ms
[2024-02-05T18:39:06.062+0800][gc,start    ] GC(2) Pause Cleanup
[2024-02-05T18:39:06.062+0800][gc          ] GC(2) Pause Cleanup 9M->9M(1024M) 0.101ms
[2024-02-05T18:39:06.062+0800][gc,cpu      ] GC(2) User=0.00s Sys=0.00s Real=0.00s
[2024-02-05T18:39:06.062+0800][gc,marking  ] GC(2) Concurrent Cleanup for Next Mark
[2024-02-05T18:39:06.066+0800][gc,marking  ] GC(2) Concurrent Cleanup for Next Mark 3.718ms
[2024-02-05T18:39:06.066+0800][gc          ] GC(2) Concurrent Mark Cycle 9.536ms
[2024-02-05T18:39:06.741+0800][gc,start    ] GC(3) Pause Young (Normal) (G1 Evacuation Pause)
[2024-02-05T18:39:06.741+0800][gc,task     ] GC(3) Using 8 workers of 8 for evacuation
[2024-02-05T18:39:06.744+0800][gc,phases   ] GC(3)   Pre Evacuate Collection Set: 0.2ms
[2024-02-05T18:39:06.744+0800][gc,phases   ] GC(3)   Merge Heap Roots: 0.0ms
[2024-02-05T18:39:06.744+0800][gc,phases   ] GC(3)   Evacuate Collection Set: 3.1ms
[2024-02-05T18:39:06.744+0800][gc,phases   ] GC(3)   Post Evacuate Collection Set: 0.4ms
[2024-02-05T18:39:06.744+0800][gc,phases   ] GC(3)   Other: 0.1ms
[2024-02-05T18:39:06.745+0800][gc,heap     ] GC(3) Eden regions: 49->0(45)
[2024-02-05T18:39:06.745+0800][gc,heap     ] GC(3) Survivor regions: 2->6(7)
[2024-02-05T18:39:06.745+0800][gc,heap     ] GC(3) Old regions: 8->8
[2024-02-05T18:39:06.745+0800][gc,heap     ] GC(3) Archive regions: 2->2
[2024-02-05T18:39:06.745+0800][gc,heap     ] GC(3) Humongous regions: 129->129
[2024-02-05T18:39:06.745+0800][gc,metaspace] GC(3) Metaspace: 30771K(31040K)->30771K(31040K) NonClass: 27299K(27456K)->27299K(27456K) Class: 3471K(3584K)->3471K(3584K)
[2024-02-05T18:39:06.745+0800][gc          ] GC(3) Pause Young (Normal) (G1 Evacuation Pause) 187M->142M(1024M) 4.034ms
[2024-02-05T18:39:06.745+0800][gc,cpu      ] GC(3) User=0.02s Sys=0.00s Real=0.01s
[2024-02-05T18:39:07.036+0800][gc,start    ] GC(4) Pause Young (Concurrent Start) (Metadata GC Threshold)
[2024-02-05T18:39:07.036+0800][gc,task     ] GC(4) Using 8 workers of 8 for evacuation
[2024-02-05T18:39:07.040+0800][gc,phases   ] GC(4)   Pre Evacuate Collection Set: 0.2ms
[2024-02-05T18:39:07.040+0800][gc,phases   ] GC(4)   Merge Heap Roots: 0.0ms
[2024-02-05T18:39:07.040+0800][gc,phases   ] GC(4)   Evacuate Collection Set: 3.2ms
[2024-02-05T18:39:07.040+0800][gc,phases   ] GC(4)   Post Evacuate Collection Set: 0.9ms
[2024-02-05T18:39:07.040+0800][gc,phases   ] GC(4)   Other: 0.2ms
[2024-02-05T18:39:07.040+0800][gc,heap     ] GC(4) Eden regions: 23->0(49)
[2024-02-05T18:39:07.040+0800][gc,heap     ] GC(4) Survivor regions: 6->2(7)
[2024-02-05T18:39:07.040+0800][gc,heap     ] GC(4) Old regions: 8->13
[2024-02-05T18:39:07.040+0800][gc,heap     ] GC(4) Archive regions: 2->2
[2024-02-05T18:39:07.040+0800][gc,heap     ] GC(4) Humongous regions: 129->129
[2024-02-05T18:39:07.040+0800][gc,metaspace] GC(4) Metaspace: 35689K(35968K)->35689K(35968K) NonClass: 31631K(31808K)->31631K(31808K) Class: 4057K(4160K)->4057K(4160K)
[2024-02-05T18:39:07.040+0800][gc          ] GC(4) Pause Young (Concurrent Start) (Metadata GC Threshold) 164M->144M(1024M) 4.561ms
[2024-02-05T18:39:07.040+0800][gc,cpu      ] GC(4) User=0.03s Sys=0.00s Real=0.00s
[2024-02-05T18:39:07.040+0800][gc          ] GC(5) Concurrent Mark Cycle
[2024-02-05T18:39:07.040+0800][gc,marking  ] GC(5) Concurrent Clear Claimed Marks
[2024-02-05T18:39:07.040+0800][gc,marking  ] GC(5) Concurrent Clear Claimed Marks 0.032ms
[2024-02-05T18:39:07.040+0800][gc,marking  ] GC(5) Concurrent Scan Root Regions
[2024-02-05T18:39:07.043+0800][gc,marking  ] GC(5) Concurrent Scan Root Regions 2.799ms
[2024-02-05T18:39:07.043+0800][gc,marking  ] GC(5) Concurrent Mark
[2024-02-05T18:39:07.043+0800][gc,marking  ] GC(5) Concurrent Mark From Roots
[2024-02-05T18:39:07.043+0800][gc,task     ] GC(5) Using 2 workers of 2 for marking
[2024-02-05T18:39:07.047+0800][gc,marking  ] GC(5) Concurrent Mark From Roots 4.053ms
[2024-02-05T18:39:07.047+0800][gc,marking  ] GC(5) Concurrent Preclean
[2024-02-05T18:39:07.047+0800][gc,marking  ] GC(5) Concurrent Preclean 0.096ms
[2024-02-05T18:39:07.048+0800][gc,start    ] GC(5) Pause Remark
[2024-02-05T18:39:07.049+0800][gc          ] GC(5) Pause Remark 144M->144M(1024M) 1.423ms
[2024-02-05T18:39:07.049+0800][gc,cpu      ] GC(5) User=0.01s Sys=0.00s Real=0.00s
[2024-02-05T18:39:07.049+0800][gc,marking  ] GC(5) Concurrent Mark 5.754ms
[2024-02-05T18:39:07.049+0800][gc,marking  ] GC(5) Concurrent Rebuild Remembered Sets
[2024-02-05T18:39:07.053+0800][gc,marking  ] GC(5) Concurrent Rebuild Remembered Sets 3.681ms
[2024-02-05T18:39:07.053+0800][gc,start    ] GC(5) Pause Cleanup
[2024-02-05T18:39:07.053+0800][gc          ] GC(5) Pause Cleanup 145M->145M(1024M) 0.127ms
[2024-02-05T18:39:07.053+0800][gc,cpu      ] GC(5) User=0.00s Sys=0.00s Real=0.00s
[2024-02-05T18:39:07.053+0800][gc,marking  ] GC(5) Concurrent Cleanup for Next Mark
[2024-02-05T18:39:07.057+0800][gc,marking  ] GC(5) Concurrent Cleanup for Next Mark 3.695ms
[2024-02-05T18:39:07.057+0800][gc          ] GC(5) Concurrent Mark Cycle 16.404ms
[2024-02-05T18:43:29.710+0800][gc,start    ] GC(6) Pause Young (Normal) (G1 Evacuation Pause)
[2024-02-05T18:43:29.710+0800][gc,task     ] GC(6) Using 8 workers of 8 for evacuation
[2024-02-05T18:43:29.713+0800][gc,phases   ] GC(6)   Pre Evacuate Collection Set: 0.1ms
[2024-02-05T18:43:29.713+0800][gc,phases   ] GC(6)   Merge Heap Roots: 0.0ms
[2024-02-05T18:43:29.713+0800][gc,phases   ] GC(6)   Evacuate Collection Set: 2.6ms
[2024-02-05T18:43:29.713+0800][gc,phases   ] GC(6)   Post Evacuate Collection Set: 0.7ms
[2024-02-05T18:43:29.713+0800][gc,phases   ] GC(6)   Other: 0.1ms
[2024-02-05T18:43:29.713+0800][gc,heap     ] GC(6) Eden regions: 49->0(46)
[2024-02-05T18:43:29.713+0800][gc,heap     ] GC(6) Survivor regions: 2->5(7)
[2024-02-05T18:43:29.713+0800][gc,heap     ] GC(6) Old regions: 13->13
[2024-02-05T18:43:29.713+0800][gc,heap     ] GC(6) Archive regions: 2->2
[2024-02-05T18:43:29.713+0800][gc,heap     ] GC(6) Humongous regions: 135->129
[2024-02-05T18:43:29.713+0800][gc,metaspace] GC(6) Metaspace: 40949K(41536K)->40949K(41536K) NonClass: 36106K(36480K)->36106K(36480K) Class: 4842K(5056K)->4842K(5056K)
[2024-02-05T18:43:29.713+0800][gc          ] GC(6) Pause Young (Normal) (G1 Evacuation Pause) 199M->147M(1024M) 3.636ms
[2024-02-05T18:43:29.713+0800][gc,cpu      ] GC(6) User=0.02s Sys=0.00s Real=0.00s
[2024-02-05T18:43:30.143+0800][gc,heap,exit] Heap
[2024-02-05T18:43:30.143+0800][gc,heap,exit]  garbage-first heap   total 1048576K, used 159145K [0x00000000c0000000, 0x0000000100000000)
[2024-02-05T18:43:30.143+0800][gc,heap,exit]   region size 1024K, 14 young (14336K), 5 survivors (5120K)
[2024-02-05T18:43:30.143+0800][gc,heap,exit]  Metaspace       used 41377K, committed 41984K, reserved 1114112K
[2024-02-05T18:43:30.143+0800][gc,heap,exit]   class space    used 4949K, committed 5184K, reserved 1048576K
