[2024-02-05T18:26:58.261+0800][gc] Using G1
[2024-02-05T18:26:58.269+0800][gc,init] Version: 17.0.9+9-Ubuntu-122.04 (release)
[2024-02-05T18:26:58.269+0800][gc,init] CPUs: 8 total, 8 available
[2024-02-05T18:26:58.269+0800][gc,init] Memory: 15767M
[2024-02-05T18:26:58.269+0800][gc,init] Large Page Support: Disabled
[2024-02-05T18:26:58.269+0800][gc,init] NUMA Support: Disabled
[2024-02-05T18:26:58.269+0800][gc,init] Compressed Oops: Enabled (32-bit)
[2024-02-05T18:26:58.269+0800][gc,init] Heap Region Size: 1M
[2024-02-05T18:26:58.269+0800][gc,init] Heap Min Capacity: 1G
[2024-02-05T18:26:58.269+0800][gc,init] Heap Initial Capacity: 1G
[2024-02-05T18:26:58.269+0800][gc,init] Heap Max Capacity: 1G
[2024-02-05T18:26:58.269+0800][gc,init] Pre-touch: Disabled
[2024-02-05T18:26:58.269+0800][gc,init] Parallel Workers: 8
[2024-02-05T18:26:58.269+0800][gc,init] Concurrent Workers: 2
[2024-02-05T18:26:58.269+0800][gc,init] Concurrent Refinement Workers: 8
[2024-02-05T18:26:58.269+0800][gc,init] Periodic GC: Disabled
[2024-02-05T18:26:58.273+0800][gc,metaspace] CDS archive(s) mapped at: [0x00007ff207000000-0x00007ff207bc6000-0x00007ff207bc6000), size 12345344, SharedBaseAddress: 0x00007ff207000000, ArchiveRelocationMode: 1.
[2024-02-05T18:26:58.273+0800][gc,metaspace] Compressed class space mapped at: 0x00007ff208000000-0x00007ff248000000, reserved size: 1073741824
[2024-02-05T18:26:58.273+0800][gc,metaspace] Narrow klass base: 0x00007ff207000000, Narrow klass shift: 0, Narrow klass range: 0x100000000
[2024-02-05T18:26:59.122+0800][gc,start    ] GC(0) Pause Young (Normal) (G1 Evacuation Pause)
[2024-02-05T18:26:59.123+0800][gc,task     ] GC(0) Using 8 workers of 8 for evacuation
[2024-02-05T18:26:59.128+0800][gc,phases   ] GC(0)   Pre Evacuate Collection Set: 0.1ms
[2024-02-05T18:26:59.128+0800][gc,phases   ] GC(0)   Merge Heap Roots: 0.1ms
[2024-02-05T18:26:59.128+0800][gc,phases   ] GC(0)   Evacuate Collection Set: 4.6ms
[2024-02-05T18:26:59.128+0800][gc,phases   ] GC(0)   Post Evacuate Collection Set: 0.5ms
[2024-02-05T18:26:59.128+0800][gc,phases   ] GC(0)   Other: 0.5ms
[2024-02-05T18:26:59.128+0800][gc,heap     ] GC(0) Eden regions: 51->0(44)
[2024-02-05T18:26:59.128+0800][gc,heap     ] GC(0) Survivor regions: 0->7(7)
[2024-02-05T18:26:59.128+0800][gc,heap     ] GC(0) Old regions: 0->1
[2024-02-05T18:26:59.128+0800][gc,heap     ] GC(0) Archive regions: 2->2
[2024-02-05T18:26:59.128+0800][gc,heap     ] GC(0) Humongous regions: 0->0
[2024-02-05T18:26:59.128+0800][gc,metaspace] GC(0) Metaspace: 18752K(19008K)->18752K(19008K) NonClass: 16503K(16640K)->16503K(16640K) Class: 2249K(2368K)->2249K(2368K)
[2024-02-05T18:26:59.128+0800][gc          ] GC(0) Pause Young (Normal) (G1 Evacuation Pause) 51M->8M(1024M) 5.870ms
[2024-02-05T18:26:59.128+0800][gc,cpu      ] GC(0) User=0.02s Sys=0.01s Real=0.00s
[2024-02-05T18:26:59.266+0800][gc,start    ] GC(1) Pause Young (Concurrent Start) (Metadata GC Threshold)
[2024-02-05T18:26:59.266+0800][gc,task     ] GC(1) Using 8 workers of 8 for evacuation
[2024-02-05T18:26:59.271+0800][gc,phases   ] GC(1)   Pre Evacuate Collection Set: 0.3ms
[2024-02-05T18:26:59.271+0800][gc,phases   ] GC(1)   Merge Heap Roots: 0.0ms
[2024-02-05T18:26:59.271+0800][gc,phases   ] GC(1)   Evacuate Collection Set: 4.7ms
[2024-02-05T18:26:59.271+0800][gc,phases   ] GC(1)   Post Evacuate Collection Set: 0.4ms
[2024-02-05T18:26:59.271+0800][gc,phases   ] GC(1)   Other: 0.3ms
[2024-02-05T18:26:59.271+0800][gc,heap     ] GC(1) Eden regions: 9->0(50)
[2024-02-05T18:26:59.271+0800][gc,heap     ] GC(1) Survivor regions: 7->1(7)
[2024-02-05T18:26:59.271+0800][gc,heap     ] GC(1) Old regions: 1->8
[2024-02-05T18:26:59.271+0800][gc,heap     ] GC(1) Archive regions: 2->2
[2024-02-05T18:26:59.271+0800][gc,heap     ] GC(1) Humongous regions: 0->0
[2024-02-05T18:26:59.271+0800][gc,metaspace] GC(1) Metaspace: 21266K(21504K)->21266K(21504K) NonClass: 18699K(18816K)->18699K(18816K) Class: 2567K(2688K)->2567K(2688K)
[2024-02-05T18:26:59.271+0800][gc          ] GC(1) Pause Young (Concurrent Start) (Metadata GC Threshold) 17M->9M(1024M) 5.811ms
[2024-02-05T18:26:59.271+0800][gc,cpu      ] GC(1) User=0.02s Sys=0.00s Real=0.00s
[2024-02-05T18:26:59.271+0800][gc          ] GC(2) Concurrent Mark Cycle
[2024-02-05T18:26:59.271+0800][gc,marking  ] GC(2) Concurrent Clear Claimed Marks
[2024-02-05T18:26:59.272+0800][gc,marking  ] GC(2) Concurrent Clear Claimed Marks 0.017ms
[2024-02-05T18:26:59.272+0800][gc,marking  ] GC(2) Concurrent Scan Root Regions
[2024-02-05T18:26:59.274+0800][gc,marking  ] GC(2) Concurrent Scan Root Regions 2.076ms
[2024-02-05T18:26:59.274+0800][gc,marking  ] GC(2) Concurrent Mark
[2024-02-05T18:26:59.274+0800][gc,marking  ] GC(2) Concurrent Mark From Roots
[2024-02-05T18:26:59.274+0800][gc,task     ] GC(2) Using 2 workers of 2 for marking
[2024-02-05T18:26:59.275+0800][gc,marking  ] GC(2) Concurrent Mark From Roots 1.024ms
[2024-02-05T18:26:59.275+0800][gc,marking  ] GC(2) Concurrent Preclean
[2024-02-05T18:26:59.275+0800][gc,marking  ] GC(2) Concurrent Preclean 0.051ms
[2024-02-05T18:26:59.275+0800][gc,start    ] GC(2) Pause Remark
[2024-02-05T18:26:59.276+0800][gc          ] GC(2) Pause Remark 9M->9M(1024M) 1.309ms
[2024-02-05T18:26:59.276+0800][gc,cpu      ] GC(2) User=0.01s Sys=0.00s Real=0.00s
[2024-02-05T18:26:59.276+0800][gc,marking  ] GC(2) Concurrent Mark 2.557ms
[2024-02-05T18:26:59.276+0800][gc,marking  ] GC(2) Concurrent Rebuild Remembered Sets
[2024-02-05T18:26:59.278+0800][gc,marking  ] GC(2) Concurrent Rebuild Remembered Sets 1.731ms
[2024-02-05T18:26:59.278+0800][gc,start    ] GC(2) Pause Cleanup
[2024-02-05T18:26:59.278+0800][gc          ] GC(2) Pause Cleanup 9M->9M(1024M) 0.247ms
[2024-02-05T18:26:59.278+0800][gc,cpu      ] GC(2) User=0.00s Sys=0.00s Real=0.00s
[2024-02-05T18:26:59.278+0800][gc,marking  ] GC(2) Concurrent Cleanup for Next Mark
[2024-02-05T18:26:59.283+0800][gc,marking  ] GC(2) Concurrent Cleanup for Next Mark 4.165ms
[2024-02-05T18:26:59.283+0800][gc          ] GC(2) Concurrent Mark Cycle 11.186ms
[2024-02-05T18:27:00.004+0800][gc,start    ] GC(3) Pause Young (Normal) (G1 Evacuation Pause)
[2024-02-05T18:27:00.004+0800][gc,task     ] GC(3) Using 8 workers of 8 for evacuation
[2024-02-05T18:27:00.008+0800][gc,phases   ] GC(3)   Pre Evacuate Collection Set: 0.2ms
[2024-02-05T18:27:00.008+0800][gc,phases   ] GC(3)   Merge Heap Roots: 0.1ms
[2024-02-05T18:27:00.008+0800][gc,phases   ] GC(3)   Evacuate Collection Set: 3.1ms
[2024-02-05T18:27:00.008+0800][gc,phases   ] GC(3)   Post Evacuate Collection Set: 0.3ms
[2024-02-05T18:27:00.008+0800][gc,phases   ] GC(3)   Other: 0.2ms
[2024-02-05T18:27:00.008+0800][gc,heap     ] GC(3) Eden regions: 50->0(45)
[2024-02-05T18:27:00.008+0800][gc,heap     ] GC(3) Survivor regions: 1->6(7)
[2024-02-05T18:27:00.008+0800][gc,heap     ] GC(3) Old regions: 8->8
[2024-02-05T18:27:00.008+0800][gc,heap     ] GC(3) Archive regions: 2->2
[2024-02-05T18:27:00.008+0800][gc,heap     ] GC(3) Humongous regions: 129->129
[2024-02-05T18:27:00.008+0800][gc,metaspace] GC(3) Metaspace: 30980K(31296K)->30980K(31296K) NonClass: 27485K(27648K)->27485K(27648K) Class: 3494K(3648K)->3494K(3648K)
[2024-02-05T18:27:00.008+0800][gc          ] GC(3) Pause Young (Normal) (G1 Evacuation Pause) 188M->142M(1024M) 3.901ms
[2024-02-05T18:27:00.008+0800][gc,cpu      ] GC(3) User=0.02s Sys=0.00s Real=0.00s
[2024-02-05T18:27:00.348+0800][gc,start    ] GC(4) Pause Young (Concurrent Start) (Metadata GC Threshold)
[2024-02-05T18:27:00.349+0800][gc,task     ] GC(4) Using 8 workers of 8 for evacuation
[2024-02-05T18:27:00.366+0800][gc,phases   ] GC(4)   Pre Evacuate Collection Set: 0.2ms
[2024-02-05T18:27:00.366+0800][gc,phases   ] GC(4)   Merge Heap Roots: 0.0ms
[2024-02-05T18:27:00.366+0800][gc,phases   ] GC(4)   Evacuate Collection Set: 16.4ms
[2024-02-05T18:27:00.366+0800][gc,phases   ] GC(4)   Post Evacuate Collection Set: 0.8ms
[2024-02-05T18:27:00.366+0800][gc,phases   ] GC(4)   Other: 0.2ms
[2024-02-05T18:27:00.366+0800][gc,heap     ] GC(4) Eden regions: 22->0(49)
[2024-02-05T18:27:00.366+0800][gc,heap     ] GC(4) Survivor regions: 6->2(7)
[2024-02-05T18:27:00.366+0800][gc,heap     ] GC(4) Old regions: 8->13
[2024-02-05T18:27:00.366+0800][gc,heap     ] GC(4) Archive regions: 2->2
[2024-02-05T18:27:00.366+0800][gc,heap     ] GC(4) Humongous regions: 129->129
[2024-02-05T18:27:00.366+0800][gc,metaspace] GC(4) Metaspace: 35677K(35968K)->35677K(35968K) NonClass: 31620K(31808K)->31620K(31808K) Class: 4057K(4160K)->4057K(4160K)
[2024-02-05T18:27:00.366+0800][gc          ] GC(4) Pause Young (Concurrent Start) (Metadata GC Threshold) 164M->144M(1024M) 17.826ms
[2024-02-05T18:27:00.366+0800][gc,cpu      ] GC(4) User=0.02s Sys=0.01s Real=0.02s
[2024-02-05T18:27:00.366+0800][gc          ] GC(5) Concurrent Mark Cycle
[2024-02-05T18:27:00.366+0800][gc,marking  ] GC(5) Concurrent Clear Claimed Marks
[2024-02-05T18:27:00.366+0800][gc,marking  ] GC(5) Concurrent Clear Claimed Marks 0.036ms
[2024-02-05T18:27:00.366+0800][gc,marking  ] GC(5) Concurrent Scan Root Regions
[2024-02-05T18:27:00.371+0800][gc,marking  ] GC(5) Concurrent Scan Root Regions 4.672ms
[2024-02-05T18:27:00.371+0800][gc,marking  ] GC(5) Concurrent Mark
[2024-02-05T18:27:00.371+0800][gc,marking  ] GC(5) Concurrent Mark From Roots
[2024-02-05T18:27:00.371+0800][gc,task     ] GC(5) Using 2 workers of 2 for marking
[2024-02-05T18:27:00.382+0800][gc,marking  ] GC(5) Concurrent Mark From Roots 11.072ms
[2024-02-05T18:27:00.382+0800][gc,marking  ] GC(5) Concurrent Preclean
[2024-02-05T18:27:00.383+0800][gc,marking  ] GC(5) Concurrent Preclean 0.141ms
[2024-02-05T18:27:00.387+0800][gc,start    ] GC(5) Pause Remark
[2024-02-05T18:27:00.393+0800][gc          ] GC(5) Pause Remark 144M->144M(1024M) 5.376ms
[2024-02-05T18:27:00.393+0800][gc,cpu      ] GC(5) User=0.01s Sys=0.00s Real=0.00s
[2024-02-05T18:27:00.393+0800][gc,marking  ] GC(5) Concurrent Mark 21.404ms
[2024-02-05T18:27:00.393+0800][gc,marking  ] GC(5) Concurrent Rebuild Remembered Sets
[2024-02-05T18:27:00.397+0800][gc,marking  ] GC(5) Concurrent Rebuild Remembered Sets 3.936ms
[2024-02-05T18:27:00.397+0800][gc,start    ] GC(5) Pause Cleanup
[2024-02-05T18:27:00.398+0800][gc          ] GC(5) Pause Cleanup 145M->145M(1024M) 0.329ms
[2024-02-05T18:27:00.398+0800][gc,cpu      ] GC(5) User=0.00s Sys=0.00s Real=0.00s
[2024-02-05T18:27:00.398+0800][gc,marking  ] GC(5) Concurrent Cleanup for Next Mark
[2024-02-05T18:27:00.406+0800][gc,marking  ] GC(5) Concurrent Cleanup for Next Mark 7.939ms
[2024-02-05T18:27:00.406+0800][gc          ] GC(5) Concurrent Mark Cycle 39.554ms
[2024-02-05T18:27:23.926+0800][gc,heap,exit] Heap
[2024-02-05T18:27:23.926+0800][gc,heap,exit]  garbage-first heap   total 1048576K, used 185381K [0x00000000c0000000, 0x0000000100000000)
[2024-02-05T18:27:23.926+0800][gc,heap,exit]   region size 1024K, 33 young (33792K), 2 survivors (2048K)
[2024-02-05T18:27:23.926+0800][gc,heap,exit]  Metaspace       used 38469K, committed 38912K, reserved 1114112K
[2024-02-05T18:27:23.926+0800][gc,heap,exit]   class space    used 4564K, committed 4736K, reserved 1048576K
