[2024-02-18T23:49:20.458+0800][gc] Using G1
[2024-02-18T23:49:20.464+0800][gc,init] Version: 17.0.9+9-Ubuntu-122.04 (release)
[2024-02-18T23:49:20.464+0800][gc,init] CPUs: 8 total, 8 available
[2024-02-18T23:49:20.464+0800][gc,init] Memory: 15767M
[2024-02-18T23:49:20.464+0800][gc,init] Large Page Support: Disabled
[2024-02-18T23:49:20.464+0800][gc,init] NUMA Support: Disabled
[2024-02-18T23:49:20.464+0800][gc,init] Compressed Oops: Enabled (32-bit)
[2024-02-18T23:49:20.464+0800][gc,init] Heap Region Size: 1M
[2024-02-18T23:49:20.465+0800][gc,init] Heap Min Capacity: 1G
[2024-02-18T23:49:20.465+0800][gc,init] Heap Initial Capacity: 1G
[2024-02-18T23:49:20.465+0800][gc,init] Heap Max Capacity: 1G
[2024-02-18T23:49:20.465+0800][gc,init] Pre-touch: Disabled
[2024-02-18T23:49:20.465+0800][gc,init] Parallel Workers: 8
[2024-02-18T23:49:20.465+0800][gc,init] Concurrent Workers: 2
[2024-02-18T23:49:20.465+0800][gc,init] Concurrent Refinement Workers: 8
[2024-02-18T23:49:20.465+0800][gc,init] Periodic GC: Disabled
[2024-02-18T23:49:20.469+0800][gc,metaspace] CDS archive(s) mapped at: [0x00007f694b000000-0x00007f694bbc6000-0x00007f694bbc6000), size 12345344, SharedBaseAddress: 0x00007f694b000000, ArchiveRelocationMode: 1.
[2024-02-18T23:49:20.469+0800][gc,metaspace] Compressed class space mapped at: 0x00007f694c000000-0x00007f698c000000, reserved size: 1073741824
[2024-02-18T23:49:20.469+0800][gc,metaspace] Narrow klass base: 0x00007f694b000000, Narrow klass shift: 0, Narrow klass range: 0x100000000
[2024-02-18T23:49:21.092+0800][gc,start    ] GC(0) Pause Young (Normal) (G1 Evacuation Pause)
[2024-02-18T23:49:21.093+0800][gc,task     ] GC(0) Using 8 workers of 8 for evacuation
[2024-02-18T23:49:21.097+0800][gc,phases   ] GC(0)   Pre Evacuate Collection Set: 0.1ms
[2024-02-18T23:49:21.097+0800][gc,phases   ] GC(0)   Merge Heap Roots: 0.0ms
[2024-02-18T23:49:21.097+0800][gc,phases   ] GC(0)   Evacuate Collection Set: 3.4ms
[2024-02-18T23:49:21.097+0800][gc,phases   ] GC(0)   Post Evacuate Collection Set: 0.3ms
[2024-02-18T23:49:21.097+0800][gc,phases   ] GC(0)   Other: 0.5ms
[2024-02-18T23:49:21.097+0800][gc,heap     ] GC(0) Eden regions: 51->0(44)
[2024-02-18T23:49:21.097+0800][gc,heap     ] GC(0) Survivor regions: 0->7(7)
[2024-02-18T23:49:21.097+0800][gc,heap     ] GC(0) Old regions: 0->1
[2024-02-18T23:49:21.097+0800][gc,heap     ] GC(0) Archive regions: 2->2
[2024-02-18T23:49:21.097+0800][gc,heap     ] GC(0) Humongous regions: 0->0
[2024-02-18T23:49:21.097+0800][gc,metaspace] GC(0) Metaspace: 18778K(19008K)->18778K(19008K) NonClass: 16530K(16640K)->16530K(16640K) Class: 2247K(2368K)->2247K(2368K)
[2024-02-18T23:49:21.097+0800][gc          ] GC(0) Pause Young (Normal) (G1 Evacuation Pause) 51M->8M(1024M) 4.330ms
[2024-02-18T23:49:21.097+0800][gc,cpu      ] GC(0) User=0.02s Sys=0.00s Real=0.01s
[2024-02-18T23:49:21.203+0800][gc,start    ] GC(1) Pause Young (Concurrent Start) (Metadata GC Threshold)
[2024-02-18T23:49:21.203+0800][gc,task     ] GC(1) Using 8 workers of 8 for evacuation
[2024-02-18T23:49:21.206+0800][gc,phases   ] GC(1)   Pre Evacuate Collection Set: 0.2ms
[2024-02-18T23:49:21.206+0800][gc,phases   ] GC(1)   Merge Heap Roots: 0.0ms
[2024-02-18T23:49:21.206+0800][gc,phases   ] GC(1)   Evacuate Collection Set: 2.5ms
[2024-02-18T23:49:21.206+0800][gc,phases   ] GC(1)   Post Evacuate Collection Set: 0.2ms
[2024-02-18T23:49:21.206+0800][gc,phases   ] GC(1)   Other: 0.4ms
[2024-02-18T23:49:21.206+0800][gc,heap     ] GC(1) Eden regions: 10->0(50)
[2024-02-18T23:49:21.206+0800][gc,heap     ] GC(1) Survivor regions: 7->1(7)
[2024-02-18T23:49:21.206+0800][gc,heap     ] GC(1) Old regions: 1->8
[2024-02-18T23:49:21.206+0800][gc,heap     ] GC(1) Archive regions: 2->2
[2024-02-18T23:49:21.206+0800][gc,heap     ] GC(1) Humongous regions: 0->0
[2024-02-18T23:49:21.206+0800][gc,metaspace] GC(1) Metaspace: 21282K(21504K)->21282K(21504K) NonClass: 18716K(18816K)->18716K(18816K) Class: 2565K(2688K)->2565K(2688K)
[2024-02-18T23:49:21.206+0800][gc          ] GC(1) Pause Young (Concurrent Start) (Metadata GC Threshold) 17M->8M(1024M) 3.339ms
[2024-02-18T23:49:21.206+0800][gc,cpu      ] GC(1) User=0.02s Sys=0.00s Real=0.00s
[2024-02-18T23:49:21.206+0800][gc          ] GC(2) Concurrent Mark Cycle
[2024-02-18T23:49:21.206+0800][gc,marking  ] GC(2) Concurrent Clear Claimed Marks
[2024-02-18T23:49:21.206+0800][gc,marking  ] GC(2) Concurrent Clear Claimed Marks 0.017ms
[2024-02-18T23:49:21.206+0800][gc,marking  ] GC(2) Concurrent Scan Root Regions
[2024-02-18T23:49:21.208+0800][gc,marking  ] GC(2) Concurrent Scan Root Regions 1.748ms
[2024-02-18T23:49:21.208+0800][gc,marking  ] GC(2) Concurrent Mark
[2024-02-18T23:49:21.208+0800][gc,marking  ] GC(2) Concurrent Mark From Roots
[2024-02-18T23:49:21.208+0800][gc,task     ] GC(2) Using 2 workers of 2 for marking
[2024-02-18T23:49:21.209+0800][gc,marking  ] GC(2) Concurrent Mark From Roots 0.902ms
[2024-02-18T23:49:21.209+0800][gc,marking  ] GC(2) Concurrent Preclean
[2024-02-18T23:49:21.209+0800][gc,marking  ] GC(2) Concurrent Preclean 0.045ms
[2024-02-18T23:49:21.209+0800][gc,start    ] GC(2) Pause Remark
[2024-02-18T23:49:21.210+0800][gc          ] GC(2) Pause Remark 9M->9M(1024M) 0.917ms
[2024-02-18T23:49:21.210+0800][gc,cpu      ] GC(2) User=0.00s Sys=0.00s Real=0.00s
[2024-02-18T23:49:21.210+0800][gc,marking  ] GC(2) Concurrent Mark 2.025ms
[2024-02-18T23:49:21.210+0800][gc,marking  ] GC(2) Concurrent Rebuild Remembered Sets
[2024-02-18T23:49:21.212+0800][gc,marking  ] GC(2) Concurrent Rebuild Remembered Sets 1.517ms
[2024-02-18T23:49:21.212+0800][gc,start    ] GC(2) Pause Cleanup
[2024-02-18T23:49:21.212+0800][gc          ] GC(2) Pause Cleanup 9M->9M(1024M) 0.119ms
[2024-02-18T23:49:21.212+0800][gc,cpu      ] GC(2) User=0.00s Sys=0.00s Real=0.00s
[2024-02-18T23:49:21.212+0800][gc,marking  ] GC(2) Concurrent Cleanup for Next Mark
[2024-02-18T23:49:21.215+0800][gc,marking  ] GC(2) Concurrent Cleanup for Next Mark 3.089ms
[2024-02-18T23:49:21.215+0800][gc          ] GC(2) Concurrent Mark Cycle 8.774ms
[2024-02-18T23:49:21.719+0800][gc,start    ] GC(3) Pause Young (Normal) (G1 Evacuation Pause)
[2024-02-18T23:49:21.719+0800][gc,task     ] GC(3) Using 8 workers of 8 for evacuation
[2024-02-18T23:49:21.724+0800][gc,phases   ] GC(3)   Pre Evacuate Collection Set: 0.1ms
[2024-02-18T23:49:21.724+0800][gc,phases   ] GC(3)   Merge Heap Roots: 0.0ms
[2024-02-18T23:49:21.724+0800][gc,phases   ] GC(3)   Evacuate Collection Set: 3.8ms
[2024-02-18T23:49:21.724+0800][gc,phases   ] GC(3)   Post Evacuate Collection Set: 0.4ms
[2024-02-18T23:49:21.724+0800][gc,phases   ] GC(3)   Other: 0.1ms
[2024-02-18T23:49:21.724+0800][gc,heap     ] GC(3) Eden regions: 50->0(45)
[2024-02-18T23:49:21.724+0800][gc,heap     ] GC(3) Survivor regions: 1->6(7)
[2024-02-18T23:49:21.724+0800][gc,heap     ] GC(3) Old regions: 8->8
[2024-02-18T23:49:21.724+0800][gc,heap     ] GC(3) Archive regions: 2->2
[2024-02-18T23:49:21.724+0800][gc,heap     ] GC(3) Humongous regions: 129->129
[2024-02-18T23:49:21.724+0800][gc,metaspace] GC(3) Metaspace: 30949K(31232K)->30949K(31232K) NonClass: 27458K(27584K)->27458K(27584K) Class: 3490K(3648K)->3490K(3648K)
[2024-02-18T23:49:21.724+0800][gc          ] GC(3) Pause Young (Normal) (G1 Evacuation Pause) 187M->142M(1024M) 4.557ms
[2024-02-18T23:49:21.724+0800][gc,cpu      ] GC(3) User=0.02s Sys=0.00s Real=0.00s
[2024-02-18T23:49:21.978+0800][gc,start    ] GC(4) Pause Young (Concurrent Start) (Metadata GC Threshold)
[2024-02-18T23:49:21.978+0800][gc,task     ] GC(4) Using 8 workers of 8 for evacuation
[2024-02-18T23:49:21.981+0800][gc,phases   ] GC(4)   Pre Evacuate Collection Set: 0.2ms
[2024-02-18T23:49:21.981+0800][gc,phases   ] GC(4)   Merge Heap Roots: 0.0ms
[2024-02-18T23:49:21.981+0800][gc,phases   ] GC(4)   Evacuate Collection Set: 2.7ms
[2024-02-18T23:49:21.981+0800][gc,phases   ] GC(4)   Post Evacuate Collection Set: 0.3ms
[2024-02-18T23:49:21.981+0800][gc,phases   ] GC(4)   Other: 0.2ms
[2024-02-18T23:49:21.981+0800][gc,heap     ] GC(4) Eden regions: 22->0(49)
[2024-02-18T23:49:21.982+0800][gc,heap     ] GC(4) Survivor regions: 6->2(7)
[2024-02-18T23:49:21.982+0800][gc,heap     ] GC(4) Old regions: 8->13
[2024-02-18T23:49:21.982+0800][gc,heap     ] GC(4) Archive regions: 2->2
[2024-02-18T23:49:21.982+0800][gc,heap     ] GC(4) Humongous regions: 129->129
[2024-02-18T23:49:21.982+0800][gc,metaspace] GC(4) Metaspace: 35684K(35968K)->35684K(35968K) NonClass: 31626K(31808K)->31626K(31808K) Class: 4057K(4160K)->4057K(4160K)
[2024-02-18T23:49:21.982+0800][gc          ] GC(4) Pause Young (Concurrent Start) (Metadata GC Threshold) 163M->144M(1024M) 3.440ms
[2024-02-18T23:49:21.982+0800][gc,cpu      ] GC(4) User=0.01s Sys=0.00s Real=0.00s
[2024-02-18T23:49:21.982+0800][gc          ] GC(5) Concurrent Mark Cycle
[2024-02-18T23:49:21.982+0800][gc,marking  ] GC(5) Concurrent Clear Claimed Marks
[2024-02-18T23:49:21.982+0800][gc,marking  ] GC(5) Concurrent Clear Claimed Marks 0.023ms
[2024-02-18T23:49:21.982+0800][gc,marking  ] GC(5) Concurrent Scan Root Regions
[2024-02-18T23:49:21.984+0800][gc,marking  ] GC(5) Concurrent Scan Root Regions 2.006ms
[2024-02-18T23:49:21.984+0800][gc,marking  ] GC(5) Concurrent Mark
[2024-02-18T23:49:21.984+0800][gc,marking  ] GC(5) Concurrent Mark From Roots
[2024-02-18T23:49:21.984+0800][gc,task     ] GC(5) Using 2 workers of 2 for marking
[2024-02-18T23:49:21.989+0800][gc,marking  ] GC(5) Concurrent Mark From Roots 5.305ms
[2024-02-18T23:49:21.989+0800][gc,marking  ] GC(5) Concurrent Preclean
[2024-02-18T23:49:21.989+0800][gc,marking  ] GC(5) Concurrent Preclean 0.096ms
[2024-02-18T23:49:21.989+0800][gc,start    ] GC(5) Pause Remark
[2024-02-18T23:49:21.991+0800][gc          ] GC(5) Pause Remark 144M->144M(1024M) 1.889ms
[2024-02-18T23:49:21.991+0800][gc,cpu      ] GC(5) User=0.00s Sys=0.00s Real=0.00s
[2024-02-18T23:49:21.991+0800][gc,marking  ] GC(5) Concurrent Mark 7.627ms
[2024-02-18T23:49:21.991+0800][gc,marking  ] GC(5) Concurrent Rebuild Remembered Sets
[2024-02-18T23:49:21.995+0800][gc,marking  ] GC(5) Concurrent Rebuild Remembered Sets 3.287ms
[2024-02-18T23:49:21.995+0800][gc,start    ] GC(5) Pause Cleanup
[2024-02-18T23:49:21.995+0800][gc          ] GC(5) Pause Cleanup 145M->145M(1024M) 0.175ms
[2024-02-18T23:49:21.995+0800][gc,cpu      ] GC(5) User=0.00s Sys=0.00s Real=0.00s
[2024-02-18T23:49:21.995+0800][gc,marking  ] GC(5) Concurrent Cleanup for Next Mark
[2024-02-18T23:49:21.998+0800][gc,marking  ] GC(5) Concurrent Cleanup for Next Mark 3.333ms
[2024-02-18T23:49:21.998+0800][gc          ] GC(5) Concurrent Mark Cycle 16.840ms
[2024-02-18T23:54:36.467+0800][gc,start    ] GC(6) Pause Young (Normal) (G1 Evacuation Pause)
[2024-02-18T23:54:36.467+0800][gc,task     ] GC(6) Using 8 workers of 8 for evacuation
[2024-02-18T23:54:36.471+0800][gc,phases   ] GC(6)   Pre Evacuate Collection Set: 0.2ms
[2024-02-18T23:54:36.471+0800][gc,phases   ] GC(6)   Merge Heap Roots: 0.0ms
[2024-02-18T23:54:36.471+0800][gc,phases   ] GC(6)   Evacuate Collection Set: 2.6ms
[2024-02-18T23:54:36.471+0800][gc,phases   ] GC(6)   Post Evacuate Collection Set: 0.4ms
[2024-02-18T23:54:36.471+0800][gc,phases   ] GC(6)   Other: 0.1ms
[2024-02-18T23:54:36.471+0800][gc,heap     ] GC(6) Eden regions: 49->0(46)
[2024-02-18T23:54:36.471+0800][gc,heap     ] GC(6) Survivor regions: 2->5(7)
[2024-02-18T23:54:36.471+0800][gc,heap     ] GC(6) Old regions: 13->13
[2024-02-18T23:54:36.471+0800][gc,heap     ] GC(6) Archive regions: 2->2
[2024-02-18T23:54:36.471+0800][gc,heap     ] GC(6) Humongous regions: 135->129
[2024-02-18T23:54:36.471+0800][gc,metaspace] GC(6) Metaspace: 40914K(41472K)->40914K(41472K) NonClass: 36119K(36416K)->36119K(36416K) Class: 4794K(5056K)->4794K(5056K)
[2024-02-18T23:54:36.471+0800][gc          ] GC(6) Pause Young (Normal) (G1 Evacuation Pause) 199M->147M(1024M) 3.478ms
[2024-02-18T23:54:36.471+0800][gc,cpu      ] GC(6) User=0.01s Sys=0.00s Real=0.00s
[2024-02-18T23:57:28.774+0800][gc,heap,exit] Heap
[2024-02-18T23:57:28.774+0800][gc,heap,exit]  garbage-first heap   total 1048576K, used 174865K [0x00000000c0000000, 0x0000000100000000)
[2024-02-18T23:57:28.774+0800][gc,heap,exit]   region size 1024K, 29 young (29696K), 5 survivors (5120K)
[2024-02-18T23:57:28.774+0800][gc,heap,exit]  Metaspace       used 41605K, committed 42176K, reserved 1114112K
[2024-02-18T23:57:28.774+0800][gc,heap,exit]   class space    used 4948K, committed 5184K, reserved 1048576K
