[2024-02-05T18:17:48.548+0800][gc] Using G1
[2024-02-05T18:17:48.556+0800][gc,init] Version: 17.0.9+9-Ubuntu-122.04 (release)
[2024-02-05T18:17:48.556+0800][gc,init] CPUs: 8 total, 8 available
[2024-02-05T18:17:48.556+0800][gc,init] Memory: 15767M
[2024-02-05T18:17:48.556+0800][gc,init] Large Page Support: Disabled
[2024-02-05T18:17:48.556+0800][gc,init] NUMA Support: Disabled
[2024-02-05T18:17:48.556+0800][gc,init] Compressed Oops: Enabled (32-bit)
[2024-02-05T18:17:48.556+0800][gc,init] Heap Region Size: 1M
[2024-02-05T18:17:48.556+0800][gc,init] Heap Min Capacity: 1G
[2024-02-05T18:17:48.556+0800][gc,init] Heap Initial Capacity: 1G
[2024-02-05T18:17:48.556+0800][gc,init] Heap Max Capacity: 1G
[2024-02-05T18:17:48.556+0800][gc,init] Pre-touch: Disabled
[2024-02-05T18:17:48.556+0800][gc,init] Parallel Workers: 8
[2024-02-05T18:17:48.556+0800][gc,init] Concurrent Workers: 2
[2024-02-05T18:17:48.556+0800][gc,init] Concurrent Refinement Workers: 8
[2024-02-05T18:17:48.556+0800][gc,init] Periodic GC: Disabled
[2024-02-05T18:17:48.561+0800][gc,metaspace] CDS archive(s) mapped at: [0x00007fa18b000000-0x00007fa18bbc6000-0x00007fa18bbc6000), size 12345344, SharedBaseAddress: 0x00007fa18b000000, ArchiveRelocationMode: 1.
[2024-02-05T18:17:48.561+0800][gc,metaspace] Compressed class space mapped at: 0x00007fa18c000000-0x00007fa1cc000000, reserved size: 1073741824
[2024-02-05T18:17:48.561+0800][gc,metaspace] Narrow klass base: 0x00007fa18b000000, Narrow klass shift: 0, Narrow klass range: 0x100000000
[2024-02-05T18:17:49.216+0800][gc,start    ] GC(0) Pause Young (Normal) (G1 Evacuation Pause)
[2024-02-05T18:17:49.216+0800][gc,task     ] GC(0) Using 8 workers of 8 for evacuation
[2024-02-05T18:17:49.220+0800][gc,phases   ] GC(0)   Pre Evacuate Collection Set: 0.1ms
[2024-02-05T18:17:49.220+0800][gc,phases   ] GC(0)   Merge Heap Roots: 0.0ms
[2024-02-05T18:17:49.220+0800][gc,phases   ] GC(0)   Evacuate Collection Set: 3.1ms
[2024-02-05T18:17:49.220+0800][gc,phases   ] GC(0)   Post Evacuate Collection Set: 0.4ms
[2024-02-05T18:17:49.220+0800][gc,phases   ] GC(0)   Other: 0.5ms
[2024-02-05T18:17:49.220+0800][gc,heap     ] GC(0) Eden regions: 51->0(44)
[2024-02-05T18:17:49.220+0800][gc,heap     ] GC(0) Survivor regions: 0->7(7)
[2024-02-05T18:17:49.220+0800][gc,heap     ] GC(0) Old regions: 0->1
[2024-02-05T18:17:49.220+0800][gc,heap     ] GC(0) Archive regions: 2->2
[2024-02-05T18:17:49.220+0800][gc,heap     ] GC(0) Humongous regions: 0->0
[2024-02-05T18:17:49.220+0800][gc,metaspace] GC(0) Metaspace: 18777K(19008K)->18777K(19008K) NonClass: 16530K(16640K)->16530K(16640K) Class: 2247K(2368K)->2247K(2368K)
[2024-02-05T18:17:49.220+0800][gc          ] GC(0) Pause Young (Normal) (G1 Evacuation Pause) 51M->8M(1024M) 4.281ms
[2024-02-05T18:17:49.220+0800][gc,cpu      ] GC(0) User=0.02s Sys=0.01s Real=0.00s
[2024-02-05T18:17:49.391+0800][gc,start    ] GC(1) Pause Young (Concurrent Start) (Metadata GC Threshold)
[2024-02-05T18:17:49.391+0800][gc,task     ] GC(1) Using 8 workers of 8 for evacuation
[2024-02-05T18:17:49.400+0800][gc,phases   ] GC(1)   Pre Evacuate Collection Set: 0.1ms
[2024-02-05T18:17:49.400+0800][gc,phases   ] GC(1)   Merge Heap Roots: 0.0ms
[2024-02-05T18:17:49.400+0800][gc,phases   ] GC(1)   Evacuate Collection Set: 8.1ms
[2024-02-05T18:17:49.400+0800][gc,phases   ] GC(1)   Post Evacuate Collection Set: 0.5ms
[2024-02-05T18:17:49.400+0800][gc,phases   ] GC(1)   Other: 0.2ms
[2024-02-05T18:17:49.400+0800][gc,heap     ] GC(1) Eden regions: 10->0(50)
[2024-02-05T18:17:49.400+0800][gc,heap     ] GC(1) Survivor regions: 7->1(7)
[2024-02-05T18:17:49.400+0800][gc,heap     ] GC(1) Old regions: 1->8
[2024-02-05T18:17:49.400+0800][gc,heap     ] GC(1) Archive regions: 2->2
[2024-02-05T18:17:49.400+0800][gc,heap     ] GC(1) Humongous regions: 0->0
[2024-02-05T18:17:49.400+0800][gc,metaspace] GC(1) Metaspace: 21268K(21504K)->21268K(21504K) NonClass: 18702K(18816K)->18702K(18816K) Class: 2566K(2688K)->2566K(2688K)
[2024-02-05T18:17:49.400+0800][gc          ] GC(1) Pause Young (Concurrent Start) (Metadata GC Threshold) 17M->9M(1024M) 9.253ms
[2024-02-05T18:17:49.400+0800][gc,cpu      ] GC(1) User=0.01s Sys=0.00s Real=0.01s
[2024-02-05T18:17:49.401+0800][gc          ] GC(2) Concurrent Mark Cycle
[2024-02-05T18:17:49.401+0800][gc,marking  ] GC(2) Concurrent Clear Claimed Marks
[2024-02-05T18:17:49.401+0800][gc,marking  ] GC(2) Concurrent Clear Claimed Marks 0.017ms
[2024-02-05T18:17:49.401+0800][gc,marking  ] GC(2) Concurrent Scan Root Regions
[2024-02-05T18:17:49.404+0800][gc,marking  ] GC(2) Concurrent Scan Root Regions 3.815ms
[2024-02-05T18:17:49.404+0800][gc,marking  ] GC(2) Concurrent Mark
[2024-02-05T18:17:49.404+0800][gc,marking  ] GC(2) Concurrent Mark From Roots
[2024-02-05T18:17:49.404+0800][gc,task     ] GC(2) Using 2 workers of 2 for marking
[2024-02-05T18:17:49.406+0800][gc,marking  ] GC(2) Concurrent Mark From Roots 1.603ms
[2024-02-05T18:17:49.406+0800][gc,marking  ] GC(2) Concurrent Preclean
[2024-02-05T18:17:49.406+0800][gc,marking  ] GC(2) Concurrent Preclean 0.045ms
[2024-02-05T18:17:49.406+0800][gc,start    ] GC(2) Pause Remark
[2024-02-05T18:17:49.408+0800][gc          ] GC(2) Pause Remark 9M->9M(1024M) 1.583ms
[2024-02-05T18:17:49.408+0800][gc,cpu      ] GC(2) User=0.00s Sys=0.00s Real=0.00s
[2024-02-05T18:17:49.408+0800][gc,marking  ] GC(2) Concurrent Mark 3.704ms
[2024-02-05T18:17:49.408+0800][gc,marking  ] GC(2) Concurrent Rebuild Remembered Sets
[2024-02-05T18:17:49.410+0800][gc,marking  ] GC(2) Concurrent Rebuild Remembered Sets 2.209ms
[2024-02-05T18:17:49.411+0800][gc,start    ] GC(2) Pause Cleanup
[2024-02-05T18:17:49.411+0800][gc          ] GC(2) Pause Cleanup 9M->9M(1024M) 0.252ms
[2024-02-05T18:17:49.411+0800][gc,cpu      ] GC(2) User=0.00s Sys=0.00s Real=0.00s
[2024-02-05T18:17:49.411+0800][gc,marking  ] GC(2) Concurrent Cleanup for Next Mark
[2024-02-05T18:17:49.415+0800][gc,marking  ] GC(2) Concurrent Cleanup for Next Mark 4.179ms
[2024-02-05T18:17:49.415+0800][gc          ] GC(2) Concurrent Mark Cycle 14.686ms
[2024-02-05T18:17:50.200+0800][gc,start    ] GC(3) Pause Young (Normal) (G1 Evacuation Pause)
[2024-02-05T18:17:50.200+0800][gc,task     ] GC(3) Using 8 workers of 8 for evacuation
[2024-02-05T18:17:50.204+0800][gc,phases   ] GC(3)   Pre Evacuate Collection Set: 0.2ms
[2024-02-05T18:17:50.204+0800][gc,phases   ] GC(3)   Merge Heap Roots: 0.1ms
[2024-02-05T18:17:50.204+0800][gc,phases   ] GC(3)   Evacuate Collection Set: 3.9ms
[2024-02-05T18:17:50.204+0800][gc,phases   ] GC(3)   Post Evacuate Collection Set: 0.3ms
[2024-02-05T18:17:50.204+0800][gc,phases   ] GC(3)   Other: 0.1ms
[2024-02-05T18:17:50.204+0800][gc,heap     ] GC(3) Eden regions: 50->0(45)
[2024-02-05T18:17:50.204+0800][gc,heap     ] GC(3) Survivor regions: 1->6(7)
[2024-02-05T18:17:50.204+0800][gc,heap     ] GC(3) Old regions: 8->8
[2024-02-05T18:17:50.204+0800][gc,heap     ] GC(3) Archive regions: 2->2
[2024-02-05T18:17:50.204+0800][gc,heap     ] GC(3) Humongous regions: 129->129
[2024-02-05T18:17:50.204+0800][gc,metaspace] GC(3) Metaspace: 30939K(31232K)->30939K(31232K) NonClass: 27446K(27584K)->27446K(27584K) Class: 3492K(3648K)->3492K(3648K)
[2024-02-05T18:17:50.204+0800][gc          ] GC(3) Pause Young (Normal) (G1 Evacuation Pause) 188M->143M(1024M) 4.608ms
[2024-02-05T18:17:50.204+0800][gc,cpu      ] GC(3) User=0.02s Sys=0.00s Real=0.01s
[2024-02-05T18:17:50.589+0800][gc,start    ] GC(4) Pause Young (Concurrent Start) (Metadata GC Threshold)
[2024-02-05T18:17:50.589+0800][gc,task     ] GC(4) Using 8 workers of 8 for evacuation
[2024-02-05T18:17:50.596+0800][gc,phases   ] GC(4)   Pre Evacuate Collection Set: 0.2ms
[2024-02-05T18:17:50.597+0800][gc,phases   ] GC(4)   Merge Heap Roots: 0.3ms
[2024-02-05T18:17:50.597+0800][gc,phases   ] GC(4)   Evacuate Collection Set: 5.7ms
[2024-02-05T18:17:50.597+0800][gc,phases   ] GC(4)   Post Evacuate Collection Set: 0.9ms
[2024-02-05T18:17:50.597+0800][gc,phases   ] GC(4)   Other: 0.3ms
[2024-02-05T18:17:50.597+0800][gc,heap     ] GC(4) Eden regions: 22->0(49)
[2024-02-05T18:17:50.597+0800][gc,heap     ] GC(4) Survivor regions: 6->2(7)
[2024-02-05T18:17:50.597+0800][gc,heap     ] GC(4) Old regions: 8->14
[2024-02-05T18:17:50.597+0800][gc,heap     ] GC(4) Archive regions: 2->2
[2024-02-05T18:17:50.597+0800][gc,heap     ] GC(4) Humongous regions: 129->129
[2024-02-05T18:17:50.597+0800][gc,metaspace] GC(4) Metaspace: 35640K(35968K)->35640K(35968K) NonClass: 31579K(31744K)->31579K(31744K) Class: 4061K(4224K)->4061K(4224K)
[2024-02-05T18:17:50.597+0800][gc          ] GC(4) Pause Young (Concurrent Start) (Metadata GC Threshold) 164M->144M(1024M) 7.556ms
[2024-02-05T18:17:50.597+0800][gc,cpu      ] GC(4) User=0.02s Sys=0.01s Real=0.01s
[2024-02-05T18:17:50.597+0800][gc          ] GC(5) Concurrent Mark Cycle
[2024-02-05T18:17:50.597+0800][gc,marking  ] GC(5) Concurrent Clear Claimed Marks
[2024-02-05T18:17:50.597+0800][gc,marking  ] GC(5) Concurrent Clear Claimed Marks 0.082ms
[2024-02-05T18:17:50.597+0800][gc,marking  ] GC(5) Concurrent Scan Root Regions
[2024-02-05T18:17:50.600+0800][gc,marking  ] GC(5) Concurrent Scan Root Regions 2.605ms
[2024-02-05T18:17:50.600+0800][gc,marking  ] GC(5) Concurrent Mark
[2024-02-05T18:17:50.600+0800][gc,marking  ] GC(5) Concurrent Mark From Roots
[2024-02-05T18:17:50.600+0800][gc,task     ] GC(5) Using 2 workers of 2 for marking
[2024-02-05T18:17:50.609+0800][gc,marking  ] GC(5) Concurrent Mark From Roots 9.816ms
[2024-02-05T18:17:50.609+0800][gc,marking  ] GC(5) Concurrent Preclean
[2024-02-05T18:17:50.610+0800][gc,marking  ] GC(5) Concurrent Preclean 0.121ms
[2024-02-05T18:17:50.610+0800][gc,start    ] GC(5) Pause Remark
[2024-02-05T18:17:50.614+0800][gc          ] GC(5) Pause Remark 145M->145M(1024M) 4.128ms
[2024-02-05T18:17:50.614+0800][gc,cpu      ] GC(5) User=0.01s Sys=0.00s Real=0.01s
[2024-02-05T18:17:50.614+0800][gc,marking  ] GC(5) Concurrent Mark 14.600ms
[2024-02-05T18:17:50.614+0800][gc,marking  ] GC(5) Concurrent Rebuild Remembered Sets
[2024-02-05T18:17:50.619+0800][gc,marking  ] GC(5) Concurrent Rebuild Remembered Sets 4.542ms
[2024-02-05T18:17:50.619+0800][gc,start    ] GC(5) Pause Cleanup
[2024-02-05T18:17:50.619+0800][gc          ] GC(5) Pause Cleanup 145M->145M(1024M) 0.238ms
[2024-02-05T18:17:50.619+0800][gc,cpu      ] GC(5) User=0.01s Sys=0.00s Real=0.00s
[2024-02-05T18:17:50.619+0800][gc,marking  ] GC(5) Concurrent Cleanup for Next Mark
[2024-02-05T18:17:50.631+0800][gc,marking  ] GC(5) Concurrent Cleanup for Next Mark 11.576ms
[2024-02-05T18:17:50.631+0800][gc          ] GC(5) Concurrent Mark Cycle 34.387ms
[2024-02-05T18:21:14.562+0800][gc,start    ] GC(6) Pause Young (Prepare Mixed) (G1 Evacuation Pause)
[2024-02-05T18:21:14.562+0800][gc,task     ] GC(6) Using 8 workers of 8 for evacuation
[2024-02-05T18:21:14.565+0800][gc,phases   ] GC(6)   Pre Evacuate Collection Set: 0.1ms
[2024-02-05T18:21:14.565+0800][gc,phases   ] GC(6)   Merge Heap Roots: 0.0ms
[2024-02-05T18:21:14.565+0800][gc,phases   ] GC(6)   Evacuate Collection Set: 2.3ms
[2024-02-05T18:21:14.565+0800][gc,phases   ] GC(6)   Post Evacuate Collection Set: 0.3ms
[2024-02-05T18:21:14.565+0800][gc,phases   ] GC(6)   Other: 0.1ms
[2024-02-05T18:21:14.565+0800][gc,heap     ] GC(6) Eden regions: 49->0(47)
[2024-02-05T18:21:14.565+0800][gc,heap     ] GC(6) Survivor regions: 2->4(7)
[2024-02-05T18:21:14.565+0800][gc,heap     ] GC(6) Old regions: 14->14
[2024-02-05T18:21:14.565+0800][gc,heap     ] GC(6) Archive regions: 2->2
[2024-02-05T18:21:14.565+0800][gc,heap     ] GC(6) Humongous regions: 135->129
[2024-02-05T18:21:14.565+0800][gc,metaspace] GC(6) Metaspace: 41095K(41664K)->41095K(41664K) NonClass: 36151K(36480K)->36151K(36480K) Class: 4943K(5184K)->4943K(5184K)
[2024-02-05T18:21:14.565+0800][gc          ] GC(6) Pause Young (Prepare Mixed) (G1 Evacuation Pause) 199M->146M(1024M) 2.959ms
[2024-02-05T18:21:14.565+0800][gc,cpu      ] GC(6) User=0.01s Sys=0.00s Real=0.01s
[2024-02-05T18:21:14.577+0800][gc,heap,exit] Heap
[2024-02-05T18:21:14.577+0800][gc,heap,exit]  garbage-first heap   total 1048576K, used 153194K [0x00000000c0000000, 0x0000000100000000)
[2024-02-05T18:21:14.577+0800][gc,heap,exit]   region size 1024K, 7 young (7168K), 4 survivors (4096K)
[2024-02-05T18:21:14.577+0800][gc,heap,exit]  Metaspace       used 41122K, committed 41664K, reserved 1114112K
[2024-02-05T18:21:14.577+0800][gc,heap,exit]   class space    used 4950K, committed 5184K, reserved 1048576K
