[2024-02-18T23:40:03.830+0800][gc] Using G1
[2024-02-18T23:40:03.839+0800][gc,init] Version: 17.0.9+9-Ubuntu-122.04 (release)
[2024-02-18T23:40:03.839+0800][gc,init] CPUs: 8 total, 8 available
[2024-02-18T23:40:03.839+0800][gc,init] Memory: 15767M
[2024-02-18T23:40:03.839+0800][gc,init] Large Page Support: Disabled
[2024-02-18T23:40:03.839+0800][gc,init] NUMA Support: Disabled
[2024-02-18T23:40:03.839+0800][gc,init] Compressed Oops: Enabled (32-bit)
[2024-02-18T23:40:03.839+0800][gc,init] Heap Region Size: 1M
[2024-02-18T23:40:03.839+0800][gc,init] Heap Min Capacity: 1G
[2024-02-18T23:40:03.839+0800][gc,init] Heap Initial Capacity: 1G
[2024-02-18T23:40:03.839+0800][gc,init] Heap Max Capacity: 1G
[2024-02-18T23:40:03.839+0800][gc,init] Pre-touch: Disabled
[2024-02-18T23:40:03.839+0800][gc,init] Parallel Workers: 8
[2024-02-18T23:40:03.839+0800][gc,init] Concurrent Workers: 2
[2024-02-18T23:40:03.839+0800][gc,init] Concurrent Refinement Workers: 8
[2024-02-18T23:40:03.839+0800][gc,init] Periodic GC: Disabled
[2024-02-18T23:40:03.844+0800][gc,metaspace] CDS archive(s) mapped at: [0x00007fe727000000-0x00007fe727bc6000-0x00007fe727bc6000), size 12345344, SharedBaseAddress: 0x00007fe727000000, ArchiveRelocationMode: 1.
[2024-02-18T23:40:03.844+0800][gc,metaspace] Compressed class space mapped at: 0x00007fe728000000-0x00007fe768000000, reserved size: 1073741824
[2024-02-18T23:40:03.844+0800][gc,metaspace] Narrow klass base: 0x00007fe727000000, Narrow klass shift: 0, Narrow klass range: 0x100000000
[2024-02-18T23:40:04.426+0800][gc,start    ] GC(0) Pause Young (Normal) (G1 Evacuation Pause)
[2024-02-18T23:40:04.426+0800][gc,task     ] GC(0) Using 8 workers of 8 for evacuation
[2024-02-18T23:40:04.429+0800][gc,phases   ] GC(0)   Pre Evacuate Collection Set: 0.1ms
[2024-02-18T23:40:04.429+0800][gc,phases   ] GC(0)   Merge Heap Roots: 0.0ms
[2024-02-18T23:40:04.429+0800][gc,phases   ] GC(0)   Evacuate Collection Set: 2.6ms
[2024-02-18T23:40:04.429+0800][gc,phases   ] GC(0)   Post Evacuate Collection Set: 0.3ms
[2024-02-18T23:40:04.429+0800][gc,phases   ] GC(0)   Other: 0.4ms
[2024-02-18T23:40:04.429+0800][gc,heap     ] GC(0) Eden regions: 51->0(44)
[2024-02-18T23:40:04.429+0800][gc,heap     ] GC(0) Survivor regions: 0->7(7)
[2024-02-18T23:40:04.429+0800][gc,heap     ] GC(0) Old regions: 0->1
[2024-02-18T23:40:04.429+0800][gc,heap     ] GC(0) Archive regions: 2->2
[2024-02-18T23:40:04.429+0800][gc,heap     ] GC(0) Humongous regions: 0->0
[2024-02-18T23:40:04.429+0800][gc,metaspace] GC(0) Metaspace: 18757K(19008K)->18757K(19008K) NonClass: 16509K(16640K)->16509K(16640K) Class: 2247K(2368K)->2247K(2368K)
[2024-02-18T23:40:04.429+0800][gc          ] GC(0) Pause Young (Normal) (G1 Evacuation Pause) 51M->8M(1024M) 3.469ms
[2024-02-18T23:40:04.429+0800][gc,cpu      ] GC(0) User=0.02s Sys=0.01s Real=0.01s
[2024-02-18T23:40:04.528+0800][gc,start    ] GC(1) Pause Young (Concurrent Start) (Metadata GC Threshold)
[2024-02-18T23:40:04.529+0800][gc,task     ] GC(1) Using 8 workers of 8 for evacuation
[2024-02-18T23:40:04.532+0800][gc,phases   ] GC(1)   Pre Evacuate Collection Set: 0.2ms
[2024-02-18T23:40:04.532+0800][gc,phases   ] GC(1)   Merge Heap Roots: 0.0ms
[2024-02-18T23:40:04.532+0800][gc,phases   ] GC(1)   Evacuate Collection Set: 2.4ms
[2024-02-18T23:40:04.532+0800][gc,phases   ] GC(1)   Post Evacuate Collection Set: 0.2ms
[2024-02-18T23:40:04.532+0800][gc,phases   ] GC(1)   Other: 0.4ms
[2024-02-18T23:40:04.532+0800][gc,heap     ] GC(1) Eden regions: 10->0(50)
[2024-02-18T23:40:04.532+0800][gc,heap     ] GC(1) Survivor regions: 7->1(7)
[2024-02-18T23:40:04.532+0800][gc,heap     ] GC(1) Old regions: 1->8
[2024-02-18T23:40:04.532+0800][gc,heap     ] GC(1) Archive regions: 2->2
[2024-02-18T23:40:04.532+0800][gc,heap     ] GC(1) Humongous regions: 0->0
[2024-02-18T23:40:04.532+0800][gc,metaspace] GC(1) Metaspace: 21272K(21504K)->21272K(21504K) NonClass: 18703K(18816K)->18703K(18816K) Class: 2568K(2688K)->2568K(2688K)
[2024-02-18T23:40:04.532+0800][gc          ] GC(1) Pause Young (Concurrent Start) (Metadata GC Threshold) 17M->9M(1024M) 3.279ms
[2024-02-18T23:40:04.532+0800][gc,cpu      ] GC(1) User=0.00s Sys=0.01s Real=0.00s
[2024-02-18T23:40:04.532+0800][gc          ] GC(2) Concurrent Mark Cycle
[2024-02-18T23:40:04.532+0800][gc,marking  ] GC(2) Concurrent Clear Claimed Marks
[2024-02-18T23:40:04.532+0800][gc,marking  ] GC(2) Concurrent Clear Claimed Marks 0.014ms
[2024-02-18T23:40:04.532+0800][gc,marking  ] GC(2) Concurrent Scan Root Regions
[2024-02-18T23:40:04.533+0800][gc,marking  ] GC(2) Concurrent Scan Root Regions 1.602ms
[2024-02-18T23:40:04.533+0800][gc,marking  ] GC(2) Concurrent Mark
[2024-02-18T23:40:04.533+0800][gc,marking  ] GC(2) Concurrent Mark From Roots
[2024-02-18T23:40:04.533+0800][gc,task     ] GC(2) Using 2 workers of 2 for marking
[2024-02-18T23:40:04.535+0800][gc,marking  ] GC(2) Concurrent Mark From Roots 1.173ms
[2024-02-18T23:40:04.535+0800][gc,marking  ] GC(2) Concurrent Preclean
[2024-02-18T23:40:04.535+0800][gc,marking  ] GC(2) Concurrent Preclean 0.050ms
[2024-02-18T23:40:04.535+0800][gc,start    ] GC(2) Pause Remark
[2024-02-18T23:40:04.536+0800][gc          ] GC(2) Pause Remark 9M->9M(1024M) 0.888ms
[2024-02-18T23:40:04.536+0800][gc,cpu      ] GC(2) User=0.01s Sys=0.00s Real=0.01s
[2024-02-18T23:40:04.536+0800][gc,marking  ] GC(2) Concurrent Mark 2.209ms
[2024-02-18T23:40:04.536+0800][gc,marking  ] GC(2) Concurrent Rebuild Remembered Sets
[2024-02-18T23:40:04.537+0800][gc,marking  ] GC(2) Concurrent Rebuild Remembered Sets 1.553ms
[2024-02-18T23:40:04.537+0800][gc,start    ] GC(2) Pause Cleanup
[2024-02-18T23:40:04.537+0800][gc          ] GC(2) Pause Cleanup 9M->9M(1024M) 0.097ms
[2024-02-18T23:40:04.537+0800][gc,cpu      ] GC(2) User=0.00s Sys=0.00s Real=0.00s
[2024-02-18T23:40:04.537+0800][gc,marking  ] GC(2) Concurrent Cleanup for Next Mark
[2024-02-18T23:40:04.541+0800][gc,marking  ] GC(2) Concurrent Cleanup for Next Mark 3.373ms
[2024-02-18T23:40:04.541+0800][gc          ] GC(2) Concurrent Mark Cycle 9.084ms
[2024-02-18T23:40:05.024+0800][gc,start    ] GC(3) Pause Young (Normal) (G1 Evacuation Pause)
[2024-02-18T23:40:05.024+0800][gc,task     ] GC(3) Using 8 workers of 8 for evacuation
[2024-02-18T23:40:05.026+0800][gc,phases   ] GC(3)   Pre Evacuate Collection Set: 0.1ms
[2024-02-18T23:40:05.026+0800][gc,phases   ] GC(3)   Merge Heap Roots: 0.0ms
[2024-02-18T23:40:05.026+0800][gc,phases   ] GC(3)   Evacuate Collection Set: 2.2ms
[2024-02-18T23:40:05.026+0800][gc,phases   ] GC(3)   Post Evacuate Collection Set: 0.2ms
[2024-02-18T23:40:05.026+0800][gc,phases   ] GC(3)   Other: 0.1ms
[2024-02-18T23:40:05.026+0800][gc,heap     ] GC(3) Eden regions: 50->0(45)
[2024-02-18T23:40:05.026+0800][gc,heap     ] GC(3) Survivor regions: 1->6(7)
[2024-02-18T23:40:05.026+0800][gc,heap     ] GC(3) Old regions: 8->8
[2024-02-18T23:40:05.026+0800][gc,heap     ] GC(3) Archive regions: 2->2
[2024-02-18T23:40:05.026+0800][gc,heap     ] GC(3) Humongous regions: 129->129
[2024-02-18T23:40:05.026+0800][gc,metaspace] GC(3) Metaspace: 31005K(31296K)->31005K(31296K) NonClass: 27507K(27648K)->27507K(27648K) Class: 3498K(3648K)->3498K(3648K)
[2024-02-18T23:40:05.026+0800][gc          ] GC(3) Pause Young (Normal) (G1 Evacuation Pause) 188M->143M(1024M) 2.744ms
[2024-02-18T23:40:05.026+0800][gc,cpu      ] GC(3) User=0.02s Sys=0.00s Real=0.00s
[2024-02-18T23:40:05.262+0800][gc,start    ] GC(4) Pause Young (Concurrent Start) (Metadata GC Threshold)
[2024-02-18T23:40:05.262+0800][gc,task     ] GC(4) Using 8 workers of 8 for evacuation
[2024-02-18T23:40:05.266+0800][gc,phases   ] GC(4)   Pre Evacuate Collection Set: 0.4ms
[2024-02-18T23:40:05.266+0800][gc,phases   ] GC(4)   Merge Heap Roots: 0.0ms
[2024-02-18T23:40:05.266+0800][gc,phases   ] GC(4)   Evacuate Collection Set: 2.7ms
[2024-02-18T23:40:05.266+0800][gc,phases   ] GC(4)   Post Evacuate Collection Set: 0.2ms
[2024-02-18T23:40:05.266+0800][gc,phases   ] GC(4)   Other: 0.2ms
[2024-02-18T23:40:05.266+0800][gc,heap     ] GC(4) Eden regions: 21->0(49)
[2024-02-18T23:40:05.266+0800][gc,heap     ] GC(4) Survivor regions: 6->2(7)
[2024-02-18T23:40:05.266+0800][gc,heap     ] GC(4) Old regions: 8->13
[2024-02-18T23:40:05.266+0800][gc,heap     ] GC(4) Archive regions: 2->2
[2024-02-18T23:40:05.266+0800][gc,heap     ] GC(4) Humongous regions: 129->129
[2024-02-18T23:40:05.266+0800][gc,metaspace] GC(4) Metaspace: 35690K(35968K)->35690K(35968K) NonClass: 31630K(31744K)->31630K(31744K) Class: 4060K(4224K)->4060K(4224K)
[2024-02-18T23:40:05.266+0800][gc          ] GC(4) Pause Young (Concurrent Start) (Metadata GC Threshold) 163M->144M(1024M) 3.586ms
[2024-02-18T23:40:05.266+0800][gc,cpu      ] GC(4) User=0.02s Sys=0.01s Real=0.00s
[2024-02-18T23:40:05.266+0800][gc          ] GC(5) Concurrent Mark Cycle
[2024-02-18T23:40:05.266+0800][gc,marking  ] GC(5) Concurrent Clear Claimed Marks
[2024-02-18T23:40:05.266+0800][gc,marking  ] GC(5) Concurrent Clear Claimed Marks 0.020ms
[2024-02-18T23:40:05.266+0800][gc,marking  ] GC(5) Concurrent Scan Root Regions
[2024-02-18T23:40:05.268+0800][gc,marking  ] GC(5) Concurrent Scan Root Regions 2.124ms
[2024-02-18T23:40:05.268+0800][gc,marking  ] GC(5) Concurrent Mark
[2024-02-18T23:40:05.268+0800][gc,marking  ] GC(5) Concurrent Mark From Roots
[2024-02-18T23:40:05.268+0800][gc,task     ] GC(5) Using 2 workers of 2 for marking
[2024-02-18T23:40:05.272+0800][gc,marking  ] GC(5) Concurrent Mark From Roots 4.098ms
[2024-02-18T23:40:05.272+0800][gc,marking  ] GC(5) Concurrent Preclean
[2024-02-18T23:40:05.272+0800][gc,marking  ] GC(5) Concurrent Preclean 0.091ms
[2024-02-18T23:40:05.272+0800][gc,start    ] GC(5) Pause Remark
[2024-02-18T23:40:05.273+0800][gc          ] GC(5) Pause Remark 144M->144M(1024M) 1.003ms
[2024-02-18T23:40:05.273+0800][gc,cpu      ] GC(5) User=0.00s Sys=0.00s Real=0.00s
[2024-02-18T23:40:05.273+0800][gc,marking  ] GC(5) Concurrent Mark 5.422ms
[2024-02-18T23:40:05.273+0800][gc,marking  ] GC(5) Concurrent Rebuild Remembered Sets
[2024-02-18T23:40:05.277+0800][gc,marking  ] GC(5) Concurrent Rebuild Remembered Sets 3.952ms
[2024-02-18T23:40:05.278+0800][gc,start    ] GC(5) Pause Cleanup
[2024-02-18T23:40:05.278+0800][gc          ] GC(5) Pause Cleanup 145M->145M(1024M) 0.112ms
[2024-02-18T23:40:05.278+0800][gc,cpu      ] GC(5) User=0.00s Sys=0.00s Real=0.00s
[2024-02-18T23:40:05.278+0800][gc,marking  ] GC(5) Concurrent Cleanup for Next Mark
[2024-02-18T23:40:05.281+0800][gc,marking  ] GC(5) Concurrent Cleanup for Next Mark 3.256ms
[2024-02-18T23:40:05.281+0800][gc          ] GC(5) Concurrent Mark Cycle 15.163ms
[2024-02-18T23:46:20.419+0800][gc,start    ] GC(6) Pause Young (Prepare Mixed) (G1 Evacuation Pause)
[2024-02-18T23:46:20.419+0800][gc,task     ] GC(6) Using 8 workers of 8 for evacuation
[2024-02-18T23:46:20.422+0800][gc,phases   ] GC(6)   Pre Evacuate Collection Set: 0.1ms
[2024-02-18T23:46:20.422+0800][gc,phases   ] GC(6)   Merge Heap Roots: 0.0ms
[2024-02-18T23:46:20.422+0800][gc,phases   ] GC(6)   Evacuate Collection Set: 2.4ms
[2024-02-18T23:46:20.422+0800][gc,phases   ] GC(6)   Post Evacuate Collection Set: 0.4ms
[2024-02-18T23:46:20.422+0800][gc,phases   ] GC(6)   Other: 0.1ms
[2024-02-18T23:46:20.422+0800][gc,heap     ] GC(6) Eden regions: 49->0(46)
[2024-02-18T23:46:20.422+0800][gc,heap     ] GC(6) Survivor regions: 2->5(7)
[2024-02-18T23:46:20.422+0800][gc,heap     ] GC(6) Old regions: 13->13
[2024-02-18T23:46:20.422+0800][gc,heap     ] GC(6) Archive regions: 2->2
[2024-02-18T23:46:20.422+0800][gc,heap     ] GC(6) Humongous regions: 135->129
[2024-02-18T23:46:20.422+0800][gc,metaspace] GC(6) Metaspace: 40839K(41408K)->40839K(41408K) NonClass: 36038K(36352K)->36038K(36352K) Class: 4800K(5056K)->4800K(5056K)
[2024-02-18T23:46:20.422+0800][gc          ] GC(6) Pause Young (Prepare Mixed) (G1 Evacuation Pause) 199M->147M(1024M) 3.135ms
[2024-02-18T23:46:20.422+0800][gc,cpu      ] GC(6) User=0.02s Sys=0.00s Real=0.00s
[2024-02-18T23:46:53.804+0800][gc,heap,exit] Heap
[2024-02-18T23:46:53.804+0800][gc,heap,exit]  garbage-first heap   total 1048576K, used 164292K [0x00000000c0000000, 0x0000000100000000)
[2024-02-18T23:46:53.804+0800][gc,heap,exit]   region size 1024K, 18 young (18432K), 5 survivors (5120K)
[2024-02-18T23:46:53.804+0800][gc,heap,exit]  Metaspace       used 41537K, committed 42048K, reserved 1114112K
[2024-02-18T23:46:53.804+0800][gc,heap,exit]   class space    used 4954K, committed 5184K, reserved 1048576K
