[2024-02-18T20:47:14.692+0800][gc] Using G1
[2024-02-18T20:47:14.699+0800][gc,init] Version: 17.0.9+9-Ubuntu-122.04 (release)
[2024-02-18T20:47:14.699+0800][gc,init] CPUs: 8 total, 8 available
[2024-02-18T20:47:14.699+0800][gc,init] Memory: 15767M
[2024-02-18T20:47:14.699+0800][gc,init] Large Page Support: Disabled
[2024-02-18T20:47:14.699+0800][gc,init] NUMA Support: Disabled
[2024-02-18T20:47:14.699+0800][gc,init] Compressed Oops: Enabled (32-bit)
[2024-02-18T20:47:14.699+0800][gc,init] Heap Region Size: 1M
[2024-02-18T20:47:14.699+0800][gc,init] Heap Min Capacity: 1G
[2024-02-18T20:47:14.699+0800][gc,init] Heap Initial Capacity: 1G
[2024-02-18T20:47:14.699+0800][gc,init] Heap Max Capacity: 1G
[2024-02-18T20:47:14.699+0800][gc,init] Pre-touch: Disabled
[2024-02-18T20:47:14.699+0800][gc,init] Parallel Workers: 8
[2024-02-18T20:47:14.699+0800][gc,init] Concurrent Workers: 2
[2024-02-18T20:47:14.699+0800][gc,init] Concurrent Refinement Workers: 8
[2024-02-18T20:47:14.699+0800][gc,init] Periodic GC: Disabled
[2024-02-18T20:47:14.704+0800][gc,metaspace] CDS archive(s) mapped at: [0x00007f45cb000000-0x00007f45cbbc6000-0x00007f45cbbc6000), size 12345344, SharedBaseAddress: 0x00007f45cb000000, ArchiveRelocationMode: 1.
[2024-02-18T20:47:14.704+0800][gc,metaspace] Compressed class space mapped at: 0x00007f45cc000000-0x00007f460c000000, reserved size: 1073741824
[2024-02-18T20:47:14.704+0800][gc,metaspace] Narrow klass base: 0x00007f45cb000000, Narrow klass shift: 0, Narrow klass range: 0x100000000
[2024-02-18T20:47:15.297+0800][gc,start    ] GC(0) Pause Young (Normal) (G1 Evacuation Pause)
[2024-02-18T20:47:15.297+0800][gc,task     ] GC(0) Using 8 workers of 8 for evacuation
[2024-02-18T20:47:15.300+0800][gc,phases   ] GC(0)   Pre Evacuate Collection Set: 0.1ms
[2024-02-18T20:47:15.300+0800][gc,phases   ] GC(0)   Merge Heap Roots: 0.0ms
[2024-02-18T20:47:15.300+0800][gc,phases   ] GC(0)   Evacuate Collection Set: 2.3ms
[2024-02-18T20:47:15.300+0800][gc,phases   ] GC(0)   Post Evacuate Collection Set: 0.3ms
[2024-02-18T20:47:15.300+0800][gc,phases   ] GC(0)   Other: 0.5ms
[2024-02-18T20:47:15.300+0800][gc,heap     ] GC(0) Eden regions: 51->0(44)
[2024-02-18T20:47:15.300+0800][gc,heap     ] GC(0) Survivor regions: 0->7(7)
[2024-02-18T20:47:15.300+0800][gc,heap     ] GC(0) Old regions: 0->1
[2024-02-18T20:47:15.300+0800][gc,heap     ] GC(0) Archive regions: 2->2
[2024-02-18T20:47:15.300+0800][gc,heap     ] GC(0) Humongous regions: 0->0
[2024-02-18T20:47:15.300+0800][gc,metaspace] GC(0) Metaspace: 18772K(19008K)->18772K(19008K) NonClass: 16525K(16640K)->16525K(16640K) Class: 2247K(2368K)->2247K(2368K)
[2024-02-18T20:47:15.300+0800][gc          ] GC(0) Pause Young (Normal) (G1 Evacuation Pause) 51M->8M(1024M) 3.386ms
[2024-02-18T20:47:15.300+0800][gc,cpu      ] GC(0) User=0.02s Sys=0.00s Real=0.00s
[2024-02-18T20:47:15.401+0800][gc,start    ] GC(1) Pause Young (Concurrent Start) (Metadata GC Threshold)
[2024-02-18T20:47:15.401+0800][gc,task     ] GC(1) Using 8 workers of 8 for evacuation
[2024-02-18T20:47:15.404+0800][gc,phases   ] GC(1)   Pre Evacuate Collection Set: 0.2ms
[2024-02-18T20:47:15.404+0800][gc,phases   ] GC(1)   Merge Heap Roots: 0.0ms
[2024-02-18T20:47:15.404+0800][gc,phases   ] GC(1)   Evacuate Collection Set: 2.5ms
[2024-02-18T20:47:15.404+0800][gc,phases   ] GC(1)   Post Evacuate Collection Set: 0.2ms
[2024-02-18T20:47:15.404+0800][gc,phases   ] GC(1)   Other: 0.2ms
[2024-02-18T20:47:15.404+0800][gc,heap     ] GC(1) Eden regions: 10->0(50)
[2024-02-18T20:47:15.404+0800][gc,heap     ] GC(1) Survivor regions: 7->1(7)
[2024-02-18T20:47:15.404+0800][gc,heap     ] GC(1) Old regions: 1->8
[2024-02-18T20:47:15.404+0800][gc,heap     ] GC(1) Archive regions: 2->2
[2024-02-18T20:47:15.404+0800][gc,heap     ] GC(1) Humongous regions: 0->0
[2024-02-18T20:47:15.404+0800][gc,metaspace] GC(1) Metaspace: 21271K(21504K)->21271K(21504K) NonClass: 18704K(18816K)->18704K(18816K) Class: 2567K(2688K)->2567K(2688K)
[2024-02-18T20:47:15.404+0800][gc          ] GC(1) Pause Young (Concurrent Start) (Metadata GC Threshold) 17M->8M(1024M) 3.244ms
[2024-02-18T20:47:15.404+0800][gc,cpu      ] GC(1) User=0.00s Sys=0.01s Real=0.00s
[2024-02-18T20:47:15.404+0800][gc          ] GC(2) Concurrent Mark Cycle
[2024-02-18T20:47:15.404+0800][gc,marking  ] GC(2) Concurrent Clear Claimed Marks
[2024-02-18T20:47:15.404+0800][gc,marking  ] GC(2) Concurrent Clear Claimed Marks 0.014ms
[2024-02-18T20:47:15.404+0800][gc,marking  ] GC(2) Concurrent Scan Root Regions
[2024-02-18T20:47:15.406+0800][gc,marking  ] GC(2) Concurrent Scan Root Regions 1.617ms
[2024-02-18T20:47:15.406+0800][gc,marking  ] GC(2) Concurrent Mark
[2024-02-18T20:47:15.406+0800][gc,marking  ] GC(2) Concurrent Mark From Roots
[2024-02-18T20:47:15.406+0800][gc,task     ] GC(2) Using 2 workers of 2 for marking
[2024-02-18T20:47:15.407+0800][gc,marking  ] GC(2) Concurrent Mark From Roots 1.327ms
[2024-02-18T20:47:15.407+0800][gc,marking  ] GC(2) Concurrent Preclean
[2024-02-18T20:47:15.407+0800][gc,marking  ] GC(2) Concurrent Preclean 0.042ms
[2024-02-18T20:47:15.407+0800][gc,start    ] GC(2) Pause Remark
[2024-02-18T20:47:15.408+0800][gc          ] GC(2) Pause Remark 9M->9M(1024M) 1.122ms
[2024-02-18T20:47:15.408+0800][gc,cpu      ] GC(2) User=0.01s Sys=0.00s Real=0.00s
[2024-02-18T20:47:15.408+0800][gc,marking  ] GC(2) Concurrent Mark 2.638ms
[2024-02-18T20:47:15.408+0800][gc,marking  ] GC(2) Concurrent Rebuild Remembered Sets
[2024-02-18T20:47:15.410+0800][gc,marking  ] GC(2) Concurrent Rebuild Remembered Sets 1.715ms
[2024-02-18T20:47:15.410+0800][gc,start    ] GC(2) Pause Cleanup
[2024-02-18T20:47:15.410+0800][gc          ] GC(2) Pause Cleanup 9M->9M(1024M) 0.117ms
[2024-02-18T20:47:15.410+0800][gc,cpu      ] GC(2) User=0.00s Sys=0.00s Real=0.00s
[2024-02-18T20:47:15.410+0800][gc,marking  ] GC(2) Concurrent Cleanup for Next Mark
[2024-02-18T20:47:15.413+0800][gc,marking  ] GC(2) Concurrent Cleanup for Next Mark 3.172ms
[2024-02-18T20:47:15.413+0800][gc          ] GC(2) Concurrent Mark Cycle 9.514ms
[2024-02-18T20:47:15.995+0800][gc,start    ] GC(3) Pause Young (Normal) (G1 Evacuation Pause)
[2024-02-18T20:47:15.995+0800][gc,task     ] GC(3) Using 8 workers of 8 for evacuation
[2024-02-18T20:47:15.997+0800][gc,phases   ] GC(3)   Pre Evacuate Collection Set: 0.1ms
[2024-02-18T20:47:15.997+0800][gc,phases   ] GC(3)   Merge Heap Roots: 0.0ms
[2024-02-18T20:47:15.997+0800][gc,phases   ] GC(3)   Evacuate Collection Set: 2.0ms
[2024-02-18T20:47:15.997+0800][gc,phases   ] GC(3)   Post Evacuate Collection Set: 0.2ms
[2024-02-18T20:47:15.997+0800][gc,phases   ] GC(3)   Other: 0.1ms
[2024-02-18T20:47:15.997+0800][gc,heap     ] GC(3) Eden regions: 50->0(45)
[2024-02-18T20:47:15.997+0800][gc,heap     ] GC(3) Survivor regions: 1->6(7)
[2024-02-18T20:47:15.997+0800][gc,heap     ] GC(3) Old regions: 8->8
[2024-02-18T20:47:15.997+0800][gc,heap     ] GC(3) Archive regions: 2->2
[2024-02-18T20:47:15.997+0800][gc,heap     ] GC(3) Humongous regions: 129->129
[2024-02-18T20:47:15.997+0800][gc,metaspace] GC(3) Metaspace: 30986K(31296K)->30986K(31296K) NonClass: 27492K(27648K)->27492K(27648K) Class: 3494K(3648K)->3494K(3648K)
[2024-02-18T20:47:15.997+0800][gc          ] GC(3) Pause Young (Normal) (G1 Evacuation Pause) 187M->142M(1024M) 2.587ms
[2024-02-18T20:47:15.997+0800][gc,cpu      ] GC(3) User=0.01s Sys=0.00s Real=0.01s
[2024-02-18T20:47:16.232+0800][gc,start    ] GC(4) Pause Young (Concurrent Start) (Metadata GC Threshold)
[2024-02-18T20:47:16.232+0800][gc,task     ] GC(4) Using 8 workers of 8 for evacuation
[2024-02-18T20:47:16.235+0800][gc,phases   ] GC(4)   Pre Evacuate Collection Set: 0.2ms
[2024-02-18T20:47:16.235+0800][gc,phases   ] GC(4)   Merge Heap Roots: 0.0ms
[2024-02-18T20:47:16.235+0800][gc,phases   ] GC(4)   Evacuate Collection Set: 2.6ms
[2024-02-18T20:47:16.235+0800][gc,phases   ] GC(4)   Post Evacuate Collection Set: 0.3ms
[2024-02-18T20:47:16.235+0800][gc,phases   ] GC(4)   Other: 0.1ms
[2024-02-18T20:47:16.235+0800][gc,heap     ] GC(4) Eden regions: 21->0(49)
[2024-02-18T20:47:16.235+0800][gc,heap     ] GC(4) Survivor regions: 6->2(7)
[2024-02-18T20:47:16.235+0800][gc,heap     ] GC(4) Old regions: 8->13
[2024-02-18T20:47:16.235+0800][gc,heap     ] GC(4) Archive regions: 2->2
[2024-02-18T20:47:16.235+0800][gc,heap     ] GC(4) Humongous regions: 129->129
[2024-02-18T20:47:16.235+0800][gc,metaspace] GC(4) Metaspace: 35681K(35968K)->35681K(35968K) NonClass: 31623K(31744K)->31623K(31744K) Class: 4058K(4224K)->4058K(4224K)
[2024-02-18T20:47:16.235+0800][gc          ] GC(4) Pause Young (Concurrent Start) (Metadata GC Threshold) 163M->144M(1024M) 3.263ms
[2024-02-18T20:47:16.235+0800][gc,cpu      ] GC(4) User=0.02s Sys=0.00s Real=0.00s
[2024-02-18T20:47:16.235+0800][gc          ] GC(5) Concurrent Mark Cycle
[2024-02-18T20:47:16.235+0800][gc,marking  ] GC(5) Concurrent Clear Claimed Marks
[2024-02-18T20:47:16.235+0800][gc,marking  ] GC(5) Concurrent Clear Claimed Marks 0.022ms
[2024-02-18T20:47:16.235+0800][gc,marking  ] GC(5) Concurrent Scan Root Regions
[2024-02-18T20:47:16.237+0800][gc,marking  ] GC(5) Concurrent Scan Root Regions 1.813ms
[2024-02-18T20:47:16.237+0800][gc,marking  ] GC(5) Concurrent Mark
[2024-02-18T20:47:16.237+0800][gc,marking  ] GC(5) Concurrent Mark From Roots
[2024-02-18T20:47:16.237+0800][gc,task     ] GC(5) Using 2 workers of 2 for marking
[2024-02-18T20:47:16.241+0800][gc,marking  ] GC(5) Concurrent Mark From Roots 4.158ms
[2024-02-18T20:47:16.241+0800][gc,marking  ] GC(5) Concurrent Preclean
[2024-02-18T20:47:16.241+0800][gc,marking  ] GC(5) Concurrent Preclean 0.077ms
[2024-02-18T20:47:16.241+0800][gc,start    ] GC(5) Pause Remark
[2024-02-18T20:47:16.242+0800][gc          ] GC(5) Pause Remark 144M->144M(1024M) 0.866ms
[2024-02-18T20:47:16.242+0800][gc,cpu      ] GC(5) User=0.00s Sys=0.00s Real=0.00s
[2024-02-18T20:47:16.242+0800][gc,marking  ] GC(5) Concurrent Mark 5.294ms
[2024-02-18T20:47:16.242+0800][gc,marking  ] GC(5) Concurrent Rebuild Remembered Sets
[2024-02-18T20:47:16.245+0800][gc,marking  ] GC(5) Concurrent Rebuild Remembered Sets 3.211ms
[2024-02-18T20:47:16.245+0800][gc,start    ] GC(5) Pause Cleanup
[2024-02-18T20:47:16.245+0800][gc          ] GC(5) Pause Cleanup 145M->145M(1024M) 0.117ms
[2024-02-18T20:47:16.245+0800][gc,cpu      ] GC(5) User=0.00s Sys=0.00s Real=0.00s
[2024-02-18T20:47:16.245+0800][gc,marking  ] GC(5) Concurrent Cleanup for Next Mark
[2024-02-18T20:47:16.249+0800][gc,marking  ] GC(5) Concurrent Cleanup for Next Mark 3.470ms
[2024-02-18T20:47:16.249+0800][gc          ] GC(5) Concurrent Mark Cycle 14.170ms
[2024-02-18T21:01:45.592+0800][gc,start    ] GC(6) Pause Young (Normal) (G1 Evacuation Pause)
[2024-02-18T21:01:45.598+0800][gc,task     ] GC(6) Using 8 workers of 8 for evacuation
[2024-02-18T21:01:45.601+0800][gc,phases   ] GC(6)   Pre Evacuate Collection Set: 0.2ms
[2024-02-18T21:01:45.601+0800][gc,phases   ] GC(6)   Merge Heap Roots: 0.1ms
[2024-02-18T21:01:45.601+0800][gc,phases   ] GC(6)   Evacuate Collection Set: 2.1ms
[2024-02-18T21:01:45.601+0800][gc,phases   ] GC(6)   Post Evacuate Collection Set: 0.3ms
[2024-02-18T21:01:45.601+0800][gc,phases   ] GC(6)   Other: 6.1ms
[2024-02-18T21:01:45.601+0800][gc,heap     ] GC(6) Eden regions: 49->0(47)
[2024-02-18T21:01:45.601+0800][gc,heap     ] GC(6) Survivor regions: 2->4(7)
[2024-02-18T21:01:45.601+0800][gc,heap     ] GC(6) Old regions: 13->13
[2024-02-18T21:01:45.601+0800][gc,heap     ] GC(6) Archive regions: 2->2
[2024-02-18T21:01:45.601+0800][gc,heap     ] GC(6) Humongous regions: 135->129
[2024-02-18T21:01:45.601+0800][gc,metaspace] GC(6) Metaspace: 40318K(40896K)->40318K(40896K) NonClass: 35499K(35840K)->35499K(35840K) Class: 4818K(5056K)->4818K(5056K)
[2024-02-18T21:01:45.601+0800][gc          ] GC(6) Pause Young (Normal) (G1 Evacuation Pause) 199M->146M(1024M) 8.879ms
[2024-02-18T21:01:45.601+0800][gc,cpu      ] GC(6) User=0.02s Sys=0.00s Real=0.01s
[2024-02-18T21:38:18.913+0800][gc,start    ] GC(7) Pause Young (Normal) (G1 Evacuation Pause)
[2024-02-18T21:38:18.920+0800][gc,task     ] GC(7) Using 8 workers of 8 for evacuation
[2024-02-18T21:38:18.922+0800][gc,phases   ] GC(7)   Pre Evacuate Collection Set: 0.2ms
[2024-02-18T21:38:18.922+0800][gc,phases   ] GC(7)   Merge Heap Roots: 0.0ms
[2024-02-18T21:38:18.922+0800][gc,phases   ] GC(7)   Evacuate Collection Set: 1.6ms
[2024-02-18T21:38:18.922+0800][gc,phases   ] GC(7)   Post Evacuate Collection Set: 0.4ms
[2024-02-18T21:38:18.922+0800][gc,phases   ] GC(7)   Other: 6.7ms
[2024-02-18T21:38:18.922+0800][gc,heap     ] GC(7) Eden regions: 47->0(47)
[2024-02-18T21:38:18.922+0800][gc,heap     ] GC(7) Survivor regions: 4->4(7)
[2024-02-18T21:38:18.922+0800][gc,heap     ] GC(7) Old regions: 13->13
[2024-02-18T21:38:18.922+0800][gc,heap     ] GC(7) Archive regions: 2->2
[2024-02-18T21:38:18.922+0800][gc,heap     ] GC(7) Humongous regions: 129->129
[2024-02-18T21:38:18.923+0800][gc,metaspace] GC(7) Metaspace: 40526K(41152K)->40526K(41152K) NonClass: 35708K(36096K)->35708K(36096K) Class: 4818K(5056K)->4818K(5056K)
[2024-02-18T21:38:18.923+0800][gc          ] GC(7) Pause Young (Normal) (G1 Evacuation Pause) 193M->146M(1024M) 9.098ms
[2024-02-18T21:38:18.923+0800][gc,cpu      ] GC(7) User=0.01s Sys=0.01s Real=0.01s
[2024-02-18T22:06:05.614+0800][gc,heap,exit] Heap
[2024-02-18T22:06:05.614+0800][gc,heap,exit]  garbage-first heap   total 1048576K, used 194861K [0x00000000c0000000, 0x0000000100000000)
[2024-02-18T22:06:05.614+0800][gc,heap,exit]   region size 1024K, 48 young (49152K), 4 survivors (4096K)
[2024-02-18T22:06:05.614+0800][gc,heap,exit]  Metaspace       used 41211K, committed 41792K, reserved 1114112K
[2024-02-18T22:06:05.614+0800][gc,heap,exit]   class space    used 4966K, committed 5184K, reserved 1048576K
