[2024-02-05T18:14:02.442+0800][gc] Using G1
[2024-02-05T18:14:02.450+0800][gc,init] Version: 17.0.9+9-Ubuntu-122.04 (release)
[2024-02-05T18:14:02.450+0800][gc,init] CPUs: 8 total, 8 available
[2024-02-05T18:14:02.450+0800][gc,init] Memory: 15767M
[2024-02-05T18:14:02.450+0800][gc,init] Large Page Support: Disabled
[2024-02-05T18:14:02.450+0800][gc,init] NUMA Support: Disabled
[2024-02-05T18:14:02.450+0800][gc,init] Compressed Oops: Enabled (32-bit)
[2024-02-05T18:14:02.450+0800][gc,init] Heap Region Size: 1M
[2024-02-05T18:14:02.450+0800][gc,init] Heap Min Capacity: 1G
[2024-02-05T18:14:02.450+0800][gc,init] Heap Initial Capacity: 1G
[2024-02-05T18:14:02.450+0800][gc,init] Heap Max Capacity: 1G
[2024-02-05T18:14:02.450+0800][gc,init] Pre-touch: Disabled
[2024-02-05T18:14:02.450+0800][gc,init] Parallel Workers: 8
[2024-02-05T18:14:02.450+0800][gc,init] Concurrent Workers: 2
[2024-02-05T18:14:02.450+0800][gc,init] Concurrent Refinement Workers: 8
[2024-02-05T18:14:02.450+0800][gc,init] Periodic GC: Disabled
[2024-02-05T18:14:02.455+0800][gc,metaspace] CDS archive(s) mapped at: [0x00007f458b000000-0x00007f458bbc6000-0x00007f458bbc6000), size 12345344, SharedBaseAddress: 0x00007f458b000000, ArchiveRelocationMode: 1.
[2024-02-05T18:14:02.455+0800][gc,metaspace] Compressed class space mapped at: 0x00007f458c000000-0x00007f45cc000000, reserved size: 1073741824
[2024-02-05T18:14:02.455+0800][gc,metaspace] Narrow klass base: 0x00007f458b000000, Narrow klass shift: 0, Narrow klass range: 0x100000000
[2024-02-05T18:14:03.158+0800][gc,start    ] GC(0) Pause Young (Normal) (G1 Evacuation Pause)
[2024-02-05T18:14:03.159+0800][gc,task     ] GC(0) Using 8 workers of 8 for evacuation
[2024-02-05T18:14:03.162+0800][gc,phases   ] GC(0)   Pre Evacuate Collection Set: 0.2ms
[2024-02-05T18:14:03.162+0800][gc,phases   ] GC(0)   Merge Heap Roots: 0.1ms
[2024-02-05T18:14:03.162+0800][gc,phases   ] GC(0)   Evacuate Collection Set: 2.8ms
[2024-02-05T18:14:03.162+0800][gc,phases   ] GC(0)   Post Evacuate Collection Set: 0.3ms
[2024-02-05T18:14:03.162+0800][gc,phases   ] GC(0)   Other: 1.1ms
[2024-02-05T18:14:03.162+0800][gc,heap     ] GC(0) Eden regions: 51->0(44)
[2024-02-05T18:14:03.162+0800][gc,heap     ] GC(0) Survivor regions: 0->7(7)
[2024-02-05T18:14:03.162+0800][gc,heap     ] GC(0) Old regions: 0->1
[2024-02-05T18:14:03.162+0800][gc,heap     ] GC(0) Archive regions: 2->2
[2024-02-05T18:14:03.162+0800][gc,heap     ] GC(0) Humongous regions: 0->0
[2024-02-05T18:14:03.162+0800][gc,metaspace] GC(0) Metaspace: 18508K(18688K)->18508K(18688K) NonClass: 16312K(16384K)->16312K(16384K) Class: 2196K(2304K)->2196K(2304K)
[2024-02-05T18:14:03.162+0800][gc          ] GC(0) Pause Young (Normal) (G1 Evacuation Pause) 51M->8M(1024M) 4.596ms
[2024-02-05T18:14:03.162+0800][gc,cpu      ] GC(0) User=0.01s Sys=0.00s Real=0.01s
[2024-02-05T18:14:03.352+0800][gc,start    ] GC(1) Pause Young (Concurrent Start) (Metadata GC Threshold)
[2024-02-05T18:14:03.353+0800][gc,task     ] GC(1) Using 8 workers of 8 for evacuation
[2024-02-05T18:14:03.356+0800][gc,phases   ] GC(1)   Pre Evacuate Collection Set: 0.1ms
[2024-02-05T18:14:03.356+0800][gc,phases   ] GC(1)   Merge Heap Roots: 0.0ms
[2024-02-05T18:14:03.356+0800][gc,phases   ] GC(1)   Evacuate Collection Set: 2.6ms
[2024-02-05T18:14:03.356+0800][gc,phases   ] GC(1)   Post Evacuate Collection Set: 0.3ms
[2024-02-05T18:14:03.356+0800][gc,phases   ] GC(1)   Other: 0.2ms
[2024-02-05T18:14:03.356+0800][gc,heap     ] GC(1) Eden regions: 11->0(49)
[2024-02-05T18:14:03.356+0800][gc,heap     ] GC(1) Survivor regions: 7->2(7)
[2024-02-05T18:14:03.356+0800][gc,heap     ] GC(1) Old regions: 1->8
[2024-02-05T18:14:03.356+0800][gc,heap     ] GC(1) Archive regions: 2->2
[2024-02-05T18:14:03.356+0800][gc,heap     ] GC(1) Humongous regions: 0->0
[2024-02-05T18:14:03.356+0800][gc,metaspace] GC(1) Metaspace: 21294K(21504K)->21294K(21504K) NonClass: 18727K(18816K)->18727K(18816K) Class: 2567K(2688K)->2567K(2688K)
[2024-02-05T18:14:03.356+0800][gc          ] GC(1) Pause Young (Concurrent Start) (Metadata GC Threshold) 18M->9M(1024M) 3.268ms
[2024-02-05T18:14:03.356+0800][gc,cpu      ] GC(1) User=0.00s Sys=0.02s Real=0.01s
[2024-02-05T18:14:03.356+0800][gc          ] GC(2) Concurrent Mark Cycle
[2024-02-05T18:14:03.356+0800][gc,marking  ] GC(2) Concurrent Clear Claimed Marks
[2024-02-05T18:14:03.356+0800][gc,marking  ] GC(2) Concurrent Clear Claimed Marks 0.018ms
[2024-02-05T18:14:03.356+0800][gc,marking  ] GC(2) Concurrent Scan Root Regions
[2024-02-05T18:14:03.358+0800][gc,marking  ] GC(2) Concurrent Scan Root Regions 1.751ms
[2024-02-05T18:14:03.358+0800][gc,marking  ] GC(2) Concurrent Mark
[2024-02-05T18:14:03.358+0800][gc,marking  ] GC(2) Concurrent Mark From Roots
[2024-02-05T18:14:03.358+0800][gc,task     ] GC(2) Using 2 workers of 2 for marking
[2024-02-05T18:14:03.359+0800][gc,marking  ] GC(2) Concurrent Mark From Roots 1.117ms
[2024-02-05T18:14:03.359+0800][gc,marking  ] GC(2) Concurrent Preclean
[2024-02-05T18:14:03.359+0800][gc,marking  ] GC(2) Concurrent Preclean 0.051ms
[2024-02-05T18:14:03.359+0800][gc,start    ] GC(2) Pause Remark
[2024-02-05T18:14:03.360+0800][gc          ] GC(2) Pause Remark 9M->9M(1024M) 1.338ms
[2024-02-05T18:14:03.360+0800][gc,cpu      ] GC(2) User=0.00s Sys=0.00s Real=0.00s
[2024-02-05T18:14:03.360+0800][gc,marking  ] GC(2) Concurrent Mark 2.814ms
[2024-02-05T18:14:03.360+0800][gc,marking  ] GC(2) Concurrent Rebuild Remembered Sets
[2024-02-05T18:14:03.362+0800][gc,marking  ] GC(2) Concurrent Rebuild Remembered Sets 1.871ms
[2024-02-05T18:14:03.363+0800][gc,start    ] GC(2) Pause Cleanup
[2024-02-05T18:14:03.363+0800][gc          ] GC(2) Pause Cleanup 9M->9M(1024M) 0.197ms
[2024-02-05T18:14:03.363+0800][gc,cpu      ] GC(2) User=0.00s Sys=0.00s Real=0.00s
[2024-02-05T18:14:03.363+0800][gc,marking  ] GC(2) Concurrent Cleanup for Next Mark
[2024-02-05T18:14:03.367+0800][gc,marking  ] GC(2) Concurrent Cleanup for Next Mark 4.138ms
[2024-02-05T18:14:03.367+0800][gc          ] GC(2) Concurrent Mark Cycle 11.326ms
[2024-02-05T18:14:03.945+0800][gc,start    ] GC(3) Pause Young (Normal) (G1 Evacuation Pause)
[2024-02-05T18:14:03.945+0800][gc,task     ] GC(3) Using 8 workers of 8 for evacuation
[2024-02-05T18:14:03.949+0800][gc,phases   ] GC(3)   Pre Evacuate Collection Set: 0.1ms
[2024-02-05T18:14:03.949+0800][gc,phases   ] GC(3)   Merge Heap Roots: 0.0ms
[2024-02-05T18:14:03.949+0800][gc,phases   ] GC(3)   Evacuate Collection Set: 3.5ms
[2024-02-05T18:14:03.949+0800][gc,phases   ] GC(3)   Post Evacuate Collection Set: 0.4ms
[2024-02-05T18:14:03.949+0800][gc,phases   ] GC(3)   Other: 0.1ms
[2024-02-05T18:14:03.949+0800][gc,heap     ] GC(3) Eden regions: 49->0(45)
[2024-02-05T18:14:03.949+0800][gc,heap     ] GC(3) Survivor regions: 2->6(7)
[2024-02-05T18:14:03.949+0800][gc,heap     ] GC(3) Old regions: 8->8
[2024-02-05T18:14:03.949+0800][gc,heap     ] GC(3) Archive regions: 2->2
[2024-02-05T18:14:03.949+0800][gc,heap     ] GC(3) Humongous regions: 129->129
[2024-02-05T18:14:03.949+0800][gc,metaspace] GC(3) Metaspace: 30676K(30912K)->30676K(30912K) NonClass: 27211K(27328K)->27211K(27328K) Class: 3465K(3584K)->3465K(3584K)
[2024-02-05T18:14:03.949+0800][gc          ] GC(3) Pause Young (Normal) (G1 Evacuation Pause) 187M->142M(1024M) 4.275ms
[2024-02-05T18:14:03.949+0800][gc,cpu      ] GC(3) User=0.02s Sys=0.00s Real=0.00s
[2024-02-05T18:14:04.241+0800][gc,start    ] GC(4) Pause Young (Concurrent Start) (Metadata GC Threshold)
[2024-02-05T18:14:04.241+0800][gc,task     ] GC(4) Using 8 workers of 8 for evacuation
[2024-02-05T18:14:04.246+0800][gc,phases   ] GC(4)   Pre Evacuate Collection Set: 0.2ms
[2024-02-05T18:14:04.247+0800][gc,phases   ] GC(4)   Merge Heap Roots: 0.0ms
[2024-02-05T18:14:04.247+0800][gc,phases   ] GC(4)   Evacuate Collection Set: 4.5ms
[2024-02-05T18:14:04.247+0800][gc,phases   ] GC(4)   Post Evacuate Collection Set: 0.7ms
[2024-02-05T18:14:04.247+0800][gc,phases   ] GC(4)   Other: 0.2ms
[2024-02-05T18:14:04.247+0800][gc,heap     ] GC(4) Eden regions: 23->0(49)
[2024-02-05T18:14:04.247+0800][gc,heap     ] GC(4) Survivor regions: 6->2(7)
[2024-02-05T18:14:04.247+0800][gc,heap     ] GC(4) Old regions: 8->13
[2024-02-05T18:14:04.247+0800][gc,heap     ] GC(4) Archive regions: 2->2
[2024-02-05T18:14:04.247+0800][gc,heap     ] GC(4) Humongous regions: 129->129
[2024-02-05T18:14:04.247+0800][gc,metaspace] GC(4) Metaspace: 35676K(35968K)->35676K(35968K) NonClass: 31618K(31808K)->31618K(31808K) Class: 4057K(4160K)->4057K(4160K)
[2024-02-05T18:14:04.247+0800][gc          ] GC(4) Pause Young (Concurrent Start) (Metadata GC Threshold) 165M->144M(1024M) 5.867ms
[2024-02-05T18:14:04.247+0800][gc,cpu      ] GC(4) User=0.01s Sys=0.00s Real=0.01s
[2024-02-05T18:14:04.247+0800][gc          ] GC(5) Concurrent Mark Cycle
[2024-02-05T18:14:04.247+0800][gc,marking  ] GC(5) Concurrent Clear Claimed Marks
[2024-02-05T18:14:04.247+0800][gc,marking  ] GC(5) Concurrent Clear Claimed Marks 0.029ms
[2024-02-05T18:14:04.247+0800][gc,marking  ] GC(5) Concurrent Scan Root Regions
[2024-02-05T18:14:04.250+0800][gc,marking  ] GC(5) Concurrent Scan Root Regions 2.643ms
[2024-02-05T18:14:04.250+0800][gc,marking  ] GC(5) Concurrent Mark
[2024-02-05T18:14:04.250+0800][gc,marking  ] GC(5) Concurrent Mark From Roots
[2024-02-05T18:14:04.250+0800][gc,task     ] GC(5) Using 2 workers of 2 for marking
[2024-02-05T18:14:04.260+0800][gc,marking  ] GC(5) Concurrent Mark From Roots 10.024ms
[2024-02-05T18:14:04.260+0800][gc,marking  ] GC(5) Concurrent Preclean
[2024-02-05T18:14:04.260+0800][gc,marking  ] GC(5) Concurrent Preclean 0.129ms
[2024-02-05T18:14:04.260+0800][gc,start    ] GC(5) Pause Remark
[2024-02-05T18:14:04.263+0800][gc          ] GC(5) Pause Remark 145M->145M(1024M) 3.302ms
[2024-02-05T18:14:04.263+0800][gc,cpu      ] GC(5) User=0.01s Sys=0.00s Real=0.01s
[2024-02-05T18:14:04.263+0800][gc,marking  ] GC(5) Concurrent Mark 13.896ms
[2024-02-05T18:14:04.263+0800][gc,marking  ] GC(5) Concurrent Rebuild Remembered Sets
[2024-02-05T18:14:04.269+0800][gc,marking  ] GC(5) Concurrent Rebuild Remembered Sets 5.068ms
[2024-02-05T18:14:04.269+0800][gc,start    ] GC(5) Pause Cleanup
[2024-02-05T18:14:04.269+0800][gc          ] GC(5) Pause Cleanup 145M->145M(1024M) 0.226ms
[2024-02-05T18:14:04.269+0800][gc,cpu      ] GC(5) User=0.00s Sys=0.00s Real=0.00s
[2024-02-05T18:14:04.269+0800][gc,marking  ] GC(5) Concurrent Cleanup for Next Mark
[2024-02-05T18:14:04.276+0800][gc,marking  ] GC(5) Concurrent Cleanup for Next Mark 6.686ms
[2024-02-05T18:14:04.276+0800][gc          ] GC(5) Concurrent Mark Cycle 29.326ms
[2024-02-05T18:17:13.031+0800][gc,start    ] GC(6) Pause Young (Normal) (G1 Evacuation Pause)
[2024-02-05T18:17:13.031+0800][gc,task     ] GC(6) Using 8 workers of 8 for evacuation
[2024-02-05T18:17:13.036+0800][gc,phases   ] GC(6)   Pre Evacuate Collection Set: 0.3ms
[2024-02-05T18:17:13.036+0800][gc,phases   ] GC(6)   Merge Heap Roots: 0.2ms
[2024-02-05T18:17:13.036+0800][gc,phases   ] GC(6)   Evacuate Collection Set: 3.7ms
[2024-02-05T18:17:13.036+0800][gc,phases   ] GC(6)   Post Evacuate Collection Set: 0.7ms
[2024-02-05T18:17:13.036+0800][gc,phases   ] GC(6)   Other: 0.1ms
[2024-02-05T18:17:13.036+0800][gc,heap     ] GC(6) Eden regions: 49->0(47)
[2024-02-05T18:17:13.036+0800][gc,heap     ] GC(6) Survivor regions: 2->4(7)
[2024-02-05T18:17:13.036+0800][gc,heap     ] GC(6) Old regions: 13->13
[2024-02-05T18:17:13.036+0800][gc,heap     ] GC(6) Archive regions: 2->2
[2024-02-05T18:17:13.036+0800][gc,heap     ] GC(6) Humongous regions: 135->129
[2024-02-05T18:17:13.036+0800][gc,metaspace] GC(6) Metaspace: 40971K(41472K)->40971K(41472K) NonClass: 36127K(36416K)->36127K(36416K) Class: 4843K(5056K)->4843K(5056K)
[2024-02-05T18:17:13.036+0800][gc          ] GC(6) Pause Young (Normal) (G1 Evacuation Pause) 199M->146M(1024M) 5.049ms
[2024-02-05T18:17:13.036+0800][gc,cpu      ] GC(6) User=0.03s Sys=0.00s Real=0.01s
[2024-02-05T18:17:13.442+0800][gc,heap,exit] Heap
[2024-02-05T18:17:13.442+0800][gc,heap,exit]  garbage-first heap   total 1048576K, used 158960K [0x00000000c0000000, 0x0000000100000000)
[2024-02-05T18:17:13.442+0800][gc,heap,exit]   region size 1024K, 13 young (13312K), 4 survivors (4096K)
[2024-02-05T18:17:13.442+0800][gc,heap,exit]  Metaspace       used 41394K, committed 41920K, reserved 1114112K
[2024-02-05T18:17:13.442+0800][gc,heap,exit]   class space    used 4948K, committed 5184K, reserved 1048576K
