[2024-02-05T18:22:51.733+0800][gc] Using G1
[2024-02-05T18:22:51.740+0800][gc,init] Version: 17.0.9+9-Ubuntu-122.04 (release)
[2024-02-05T18:22:51.740+0800][gc,init] CPUs: 8 total, 8 available
[2024-02-05T18:22:51.740+0800][gc,init] Memory: 15767M
[2024-02-05T18:22:51.740+0800][gc,init] Large Page Support: Disabled
[2024-02-05T18:22:51.740+0800][gc,init] NUMA Support: Disabled
[2024-02-05T18:22:51.740+0800][gc,init] Compressed Oops: Enabled (32-bit)
[2024-02-05T18:22:51.740+0800][gc,init] Heap Region Size: 1M
[2024-02-05T18:22:51.740+0800][gc,init] Heap Min Capacity: 1G
[2024-02-05T18:22:51.740+0800][gc,init] Heap Initial Capacity: 1G
[2024-02-05T18:22:51.740+0800][gc,init] Heap Max Capacity: 1G
[2024-02-05T18:22:51.740+0800][gc,init] Pre-touch: Disabled
[2024-02-05T18:22:51.740+0800][gc,init] Parallel Workers: 8
[2024-02-05T18:22:51.740+0800][gc,init] Concurrent Workers: 2
[2024-02-05T18:22:51.740+0800][gc,init] Concurrent Refinement Workers: 8
[2024-02-05T18:22:51.740+0800][gc,init] Periodic GC: Disabled
[2024-02-05T18:22:51.746+0800][gc,metaspace] CDS archive(s) mapped at: [0x00007fe0ef000000-0x00007fe0efbc6000-0x00007fe0efbc6000), size 12345344, SharedBaseAddress: 0x00007fe0ef000000, ArchiveRelocationMode: 1.
[2024-02-05T18:22:51.746+0800][gc,metaspace] Compressed class space mapped at: 0x00007fe0f0000000-0x00007fe130000000, reserved size: 1073741824
[2024-02-05T18:22:51.746+0800][gc,metaspace] Narrow klass base: 0x00007fe0ef000000, Narrow klass shift: 0, Narrow klass range: 0x100000000
[2024-02-05T18:22:52.438+0800][gc,start    ] GC(0) Pause Young (Normal) (G1 Evacuation Pause)
[2024-02-05T18:22:52.439+0800][gc,task     ] GC(0) Using 8 workers of 8 for evacuation
[2024-02-05T18:22:52.442+0800][gc,phases   ] GC(0)   Pre Evacuate Collection Set: 0.1ms
[2024-02-05T18:22:52.442+0800][gc,phases   ] GC(0)   Merge Heap Roots: 0.0ms
[2024-02-05T18:22:52.442+0800][gc,phases   ] GC(0)   Evacuate Collection Set: 2.2ms
[2024-02-05T18:22:52.442+0800][gc,phases   ] GC(0)   Post Evacuate Collection Set: 0.3ms
[2024-02-05T18:22:52.442+0800][gc,phases   ] GC(0)   Other: 0.4ms
[2024-02-05T18:22:52.442+0800][gc,heap     ] GC(0) Eden regions: 51->0(44)
[2024-02-05T18:22:52.442+0800][gc,heap     ] GC(0) Survivor regions: 0->7(7)
[2024-02-05T18:22:52.442+0800][gc,heap     ] GC(0) Old regions: 0->1
[2024-02-05T18:22:52.442+0800][gc,heap     ] GC(0) Archive regions: 2->2
[2024-02-05T18:22:52.442+0800][gc,heap     ] GC(0) Humongous regions: 0->0
[2024-02-05T18:22:52.442+0800][gc,metaspace] GC(0) Metaspace: 18772K(19008K)->18772K(19008K) NonClass: 16524K(16640K)->16524K(16640K) Class: 2247K(2368K)->2247K(2368K)
[2024-02-05T18:22:52.442+0800][gc          ] GC(0) Pause Young (Normal) (G1 Evacuation Pause) 51M->8M(1024M) 3.154ms
[2024-02-05T18:22:52.442+0800][gc,cpu      ] GC(0) User=0.02s Sys=0.00s Real=0.00s
[2024-02-05T18:22:52.555+0800][gc,start    ] GC(1) Pause Young (Concurrent Start) (Metadata GC Threshold)
[2024-02-05T18:22:52.555+0800][gc,task     ] GC(1) Using 8 workers of 8 for evacuation
[2024-02-05T18:22:52.558+0800][gc,phases   ] GC(1)   Pre Evacuate Collection Set: 0.1ms
[2024-02-05T18:22:52.558+0800][gc,phases   ] GC(1)   Merge Heap Roots: 0.0ms
[2024-02-05T18:22:52.558+0800][gc,phases   ] GC(1)   Evacuate Collection Set: 2.2ms
[2024-02-05T18:22:52.558+0800][gc,phases   ] GC(1)   Post Evacuate Collection Set: 0.2ms
[2024-02-05T18:22:52.558+0800][gc,phases   ] GC(1)   Other: 0.2ms
[2024-02-05T18:22:52.558+0800][gc,heap     ] GC(1) Eden regions: 10->0(50)
[2024-02-05T18:22:52.558+0800][gc,heap     ] GC(1) Survivor regions: 7->1(7)
[2024-02-05T18:22:52.558+0800][gc,heap     ] GC(1) Old regions: 1->8
[2024-02-05T18:22:52.558+0800][gc,heap     ] GC(1) Archive regions: 2->2
[2024-02-05T18:22:52.558+0800][gc,heap     ] GC(1) Humongous regions: 0->0
[2024-02-05T18:22:52.558+0800][gc,metaspace] GC(1) Metaspace: 21273K(21504K)->21273K(21504K) NonClass: 18706K(18816K)->18706K(18816K) Class: 2567K(2688K)->2567K(2688K)
[2024-02-05T18:22:52.558+0800][gc          ] GC(1) Pause Young (Concurrent Start) (Metadata GC Threshold) 17M->8M(1024M) 2.834ms
[2024-02-05T18:22:52.558+0800][gc,cpu      ] GC(1) User=0.02s Sys=0.00s Real=0.00s
[2024-02-05T18:22:52.558+0800][gc          ] GC(2) Concurrent Mark Cycle
[2024-02-05T18:22:52.558+0800][gc,marking  ] GC(2) Concurrent Clear Claimed Marks
[2024-02-05T18:22:52.558+0800][gc,marking  ] GC(2) Concurrent Clear Claimed Marks 0.009ms
[2024-02-05T18:22:52.558+0800][gc,marking  ] GC(2) Concurrent Scan Root Regions
[2024-02-05T18:22:52.559+0800][gc,marking  ] GC(2) Concurrent Scan Root Regions 1.389ms
[2024-02-05T18:22:52.559+0800][gc,marking  ] GC(2) Concurrent Mark
[2024-02-05T18:22:52.559+0800][gc,marking  ] GC(2) Concurrent Mark From Roots
[2024-02-05T18:22:52.559+0800][gc,task     ] GC(2) Using 2 workers of 2 for marking
[2024-02-05T18:22:52.560+0800][gc,marking  ] GC(2) Concurrent Mark From Roots 0.975ms
[2024-02-05T18:22:52.560+0800][gc,marking  ] GC(2) Concurrent Preclean
[2024-02-05T18:22:52.560+0800][gc,marking  ] GC(2) Concurrent Preclean 0.035ms
[2024-02-05T18:22:52.560+0800][gc,start    ] GC(2) Pause Remark
[2024-02-05T18:22:52.561+0800][gc          ] GC(2) Pause Remark 9M->9M(1024M) 0.938ms
[2024-02-05T18:22:52.561+0800][gc,cpu      ] GC(2) User=0.01s Sys=0.00s Real=0.00s
[2024-02-05T18:22:52.561+0800][gc,marking  ] GC(2) Concurrent Mark 2.137ms
[2024-02-05T18:22:52.561+0800][gc,marking  ] GC(2) Concurrent Rebuild Remembered Sets
[2024-02-05T18:22:52.563+0800][gc,marking  ] GC(2) Concurrent Rebuild Remembered Sets 1.533ms
[2024-02-05T18:22:52.563+0800][gc,start    ] GC(2) Pause Cleanup
[2024-02-05T18:22:52.563+0800][gc          ] GC(2) Pause Cleanup 9M->9M(1024M) 0.142ms
[2024-02-05T18:22:52.563+0800][gc,cpu      ] GC(2) User=0.00s Sys=0.00s Real=0.00s
[2024-02-05T18:22:52.563+0800][gc,marking  ] GC(2) Concurrent Cleanup for Next Mark
[2024-02-05T18:22:52.567+0800][gc,marking  ] GC(2) Concurrent Cleanup for Next Mark 3.857ms
[2024-02-05T18:22:52.567+0800][gc          ] GC(2) Concurrent Mark Cycle 9.387ms
[2024-02-05T18:22:53.404+0800][gc,start    ] GC(3) Pause Young (Normal) (G1 Evacuation Pause)
[2024-02-05T18:22:53.404+0800][gc,task     ] GC(3) Using 8 workers of 8 for evacuation
[2024-02-05T18:22:53.409+0800][gc,phases   ] GC(3)   Pre Evacuate Collection Set: 0.1ms
[2024-02-05T18:22:53.409+0800][gc,phases   ] GC(3)   Merge Heap Roots: 0.0ms
[2024-02-05T18:22:53.409+0800][gc,phases   ] GC(3)   Evacuate Collection Set: 3.8ms
[2024-02-05T18:22:53.409+0800][gc,phases   ] GC(3)   Post Evacuate Collection Set: 0.6ms
[2024-02-05T18:22:53.409+0800][gc,phases   ] GC(3)   Other: 0.1ms
[2024-02-05T18:22:53.409+0800][gc,heap     ] GC(3) Eden regions: 50->0(45)
[2024-02-05T18:22:53.409+0800][gc,heap     ] GC(3) Survivor regions: 1->6(7)
[2024-02-05T18:22:53.409+0800][gc,heap     ] GC(3) Old regions: 8->8
[2024-02-05T18:22:53.409+0800][gc,heap     ] GC(3) Archive regions: 2->2
[2024-02-05T18:22:53.409+0800][gc,heap     ] GC(3) Humongous regions: 129->129
[2024-02-05T18:22:53.409+0800][gc,metaspace] GC(3) Metaspace: 30975K(31296K)->30975K(31296K) NonClass: 27482K(27648K)->27482K(27648K) Class: 3493K(3648K)->3493K(3648K)
[2024-02-05T18:22:53.409+0800][gc          ] GC(3) Pause Young (Normal) (G1 Evacuation Pause) 187M->143M(1024M) 4.829ms
[2024-02-05T18:22:53.409+0800][gc,cpu      ] GC(3) User=0.03s Sys=0.00s Real=0.00s
[2024-02-05T18:22:53.708+0800][gc,start    ] GC(4) Pause Young (Concurrent Start) (Metadata GC Threshold)
[2024-02-05T18:22:53.708+0800][gc,task     ] GC(4) Using 8 workers of 8 for evacuation
[2024-02-05T18:22:53.712+0800][gc,phases   ] GC(4)   Pre Evacuate Collection Set: 0.2ms
[2024-02-05T18:22:53.712+0800][gc,phases   ] GC(4)   Merge Heap Roots: 0.0ms
[2024-02-05T18:22:53.712+0800][gc,phases   ] GC(4)   Evacuate Collection Set: 3.4ms
[2024-02-05T18:22:53.712+0800][gc,phases   ] GC(4)   Post Evacuate Collection Set: 0.7ms
[2024-02-05T18:22:53.712+0800][gc,phases   ] GC(4)   Other: 0.2ms
[2024-02-05T18:22:53.712+0800][gc,heap     ] GC(4) Eden regions: 22->0(49)
[2024-02-05T18:22:53.712+0800][gc,heap     ] GC(4) Survivor regions: 6->2(7)
[2024-02-05T18:22:53.712+0800][gc,heap     ] GC(4) Old regions: 8->13
[2024-02-05T18:22:53.712+0800][gc,heap     ] GC(4) Archive regions: 2->2
[2024-02-05T18:22:53.712+0800][gc,heap     ] GC(4) Humongous regions: 129->129
[2024-02-05T18:22:53.712+0800][gc,metaspace] GC(4) Metaspace: 35725K(35968K)->35725K(35968K) NonClass: 31665K(31808K)->31665K(31808K) Class: 4060K(4160K)->4060K(4160K)
[2024-02-05T18:22:53.713+0800][gc          ] GC(4) Pause Young (Concurrent Start) (Metadata GC Threshold) 164M->144M(1024M) 4.814ms
[2024-02-05T18:22:53.713+0800][gc,cpu      ] GC(4) User=0.01s Sys=0.01s Real=0.00s
[2024-02-05T18:22:53.713+0800][gc          ] GC(5) Concurrent Mark Cycle
[2024-02-05T18:22:53.713+0800][gc,marking  ] GC(5) Concurrent Clear Claimed Marks
[2024-02-05T18:22:53.713+0800][gc,marking  ] GC(5) Concurrent Clear Claimed Marks 0.065ms
[2024-02-05T18:22:53.713+0800][gc,marking  ] GC(5) Concurrent Scan Root Regions
[2024-02-05T18:22:53.716+0800][gc,marking  ] GC(5) Concurrent Scan Root Regions 2.945ms
[2024-02-05T18:22:53.716+0800][gc,marking  ] GC(5) Concurrent Mark
[2024-02-05T18:22:53.716+0800][gc,marking  ] GC(5) Concurrent Mark From Roots
[2024-02-05T18:22:53.716+0800][gc,task     ] GC(5) Using 2 workers of 2 for marking
[2024-02-05T18:22:53.721+0800][gc,marking  ] GC(5) Concurrent Mark From Roots 5.015ms
[2024-02-05T18:22:53.721+0800][gc,marking  ] GC(5) Concurrent Preclean
[2024-02-05T18:22:53.721+0800][gc,marking  ] GC(5) Concurrent Preclean 0.105ms
[2024-02-05T18:22:53.721+0800][gc,start    ] GC(5) Pause Remark
[2024-02-05T18:22:53.723+0800][gc          ] GC(5) Pause Remark 144M->144M(1024M) 1.465ms
[2024-02-05T18:22:53.723+0800][gc,cpu      ] GC(5) User=0.01s Sys=0.00s Real=0.01s
[2024-02-05T18:22:53.723+0800][gc,marking  ] GC(5) Concurrent Mark 6.809ms
[2024-02-05T18:22:53.723+0800][gc,marking  ] GC(5) Concurrent Rebuild Remembered Sets
[2024-02-05T18:22:53.726+0800][gc,marking  ] GC(5) Concurrent Rebuild Remembered Sets 3.833ms
[2024-02-05T18:22:53.727+0800][gc,start    ] GC(5) Pause Cleanup
[2024-02-05T18:22:53.727+0800][gc          ] GC(5) Pause Cleanup 144M->144M(1024M) 0.178ms
[2024-02-05T18:22:53.727+0800][gc,cpu      ] GC(5) User=0.00s Sys=0.00s Real=0.00s
[2024-02-05T18:22:53.727+0800][gc,marking  ] GC(5) Concurrent Cleanup for Next Mark
[2024-02-05T18:22:53.731+0800][gc,marking  ] GC(5) Concurrent Cleanup for Next Mark 4.191ms
[2024-02-05T18:22:53.731+0800][gc          ] GC(5) Concurrent Mark Cycle 18.495ms
[2024-02-05T18:26:21.164+0800][gc,start    ] GC(6) Pause Young (Normal) (G1 Evacuation Pause)
[2024-02-05T18:26:21.164+0800][gc,task     ] GC(6) Using 8 workers of 8 for evacuation
[2024-02-05T18:26:21.170+0800][gc,phases   ] GC(6)   Pre Evacuate Collection Set: 0.2ms
[2024-02-05T18:26:21.170+0800][gc,phases   ] GC(6)   Merge Heap Roots: 0.1ms
[2024-02-05T18:26:21.170+0800][gc,phases   ] GC(6)   Evacuate Collection Set: 4.3ms
[2024-02-05T18:26:21.170+0800][gc,phases   ] GC(6)   Post Evacuate Collection Set: 1.0ms
[2024-02-05T18:26:21.170+0800][gc,phases   ] GC(6)   Other: 0.2ms
[2024-02-05T18:26:21.170+0800][gc,heap     ] GC(6) Eden regions: 49->0(47)
[2024-02-05T18:26:21.170+0800][gc,heap     ] GC(6) Survivor regions: 2->4(7)
[2024-02-05T18:26:21.170+0800][gc,heap     ] GC(6) Old regions: 13->13
[2024-02-05T18:26:21.170+0800][gc,heap     ] GC(6) Archive regions: 2->2
[2024-02-05T18:26:21.170+0800][gc,heap     ] GC(6) Humongous regions: 135->129
[2024-02-05T18:26:21.170+0800][gc,metaspace] GC(6) Metaspace: 41068K(41664K)->41068K(41664K) NonClass: 36128K(36480K)->36128K(36480K) Class: 4940K(5184K)->4940K(5184K)
[2024-02-05T18:26:21.170+0800][gc          ] GC(6) Pause Young (Normal) (G1 Evacuation Pause) 199M->146M(1024M) 5.941ms
[2024-02-05T18:26:21.170+0800][gc,cpu      ] GC(6) User=0.04s Sys=0.00s Real=0.00s
[2024-02-05T18:26:21.179+0800][gc,heap,exit] Heap
[2024-02-05T18:26:21.179+0800][gc,heap,exit]  garbage-first heap   total 1048576K, used 152579K [0x00000000c0000000, 0x0000000100000000)
[2024-02-05T18:26:21.179+0800][gc,heap,exit]   region size 1024K, 7 young (7168K), 4 survivors (4096K)
[2024-02-05T18:26:21.179+0800][gc,heap,exit]  Metaspace       used 41094K, committed 41728K, reserved 1114112K
[2024-02-05T18:26:21.179+0800][gc,heap,exit]   class space    used 4947K, committed 5184K, reserved 1048576K
