[2024-02-19T00:08:00.108+0800][gc] Using G1
[2024-02-19T00:08:00.115+0800][gc,init] Version: 17.0.9+9-Ubuntu-122.04 (release)
[2024-02-19T00:08:00.115+0800][gc,init] CPUs: 8 total, 8 available
[2024-02-19T00:08:00.115+0800][gc,init] Memory: 15767M
[2024-02-19T00:08:00.115+0800][gc,init] Large Page Support: Disabled
[2024-02-19T00:08:00.115+0800][gc,init] NUMA Support: Disabled
[2024-02-19T00:08:00.115+0800][gc,init] Compressed Oops: Enabled (32-bit)
[2024-02-19T00:08:00.115+0800][gc,init] Heap Region Size: 1M
[2024-02-19T00:08:00.115+0800][gc,init] Heap Min Capacity: 1G
[2024-02-19T00:08:00.115+0800][gc,init] Heap Initial Capacity: 1G
[2024-02-19T00:08:00.115+0800][gc,init] Heap Max Capacity: 1G
[2024-02-19T00:08:00.115+0800][gc,init] Pre-touch: Disabled
[2024-02-19T00:08:00.115+0800][gc,init] Parallel Workers: 8
[2024-02-19T00:08:00.115+0800][gc,init] Concurrent Workers: 2
[2024-02-19T00:08:00.115+0800][gc,init] Concurrent Refinement Workers: 8
[2024-02-19T00:08:00.115+0800][gc,init] Periodic GC: Disabled
[2024-02-19T00:08:00.120+0800][gc,metaspace] CDS archive(s) mapped at: [0x00007fb6a3000000-0x00007fb6a3bc6000-0x00007fb6a3bc6000), size 12345344, SharedBaseAddress: 0x00007fb6a3000000, ArchiveRelocationMode: 1.
[2024-02-19T00:08:00.120+0800][gc,metaspace] Compressed class space mapped at: 0x00007fb6a4000000-0x00007fb6e4000000, reserved size: 1073741824
[2024-02-19T00:08:00.120+0800][gc,metaspace] Narrow klass base: 0x00007fb6a3000000, Narrow klass shift: 0, Narrow klass range: 0x100000000
[2024-02-19T00:08:00.729+0800][gc,start    ] GC(0) Pause Young (Normal) (G1 Evacuation Pause)
[2024-02-19T00:08:00.730+0800][gc,task     ] GC(0) Using 8 workers of 8 for evacuation
[2024-02-19T00:08:00.733+0800][gc,phases   ] GC(0)   Pre Evacuate Collection Set: 0.1ms
[2024-02-19T00:08:00.733+0800][gc,phases   ] GC(0)   Merge Heap Roots: 0.0ms
[2024-02-19T00:08:00.733+0800][gc,phases   ] GC(0)   Evacuate Collection Set: 3.1ms
[2024-02-19T00:08:00.733+0800][gc,phases   ] GC(0)   Post Evacuate Collection Set: 0.4ms
[2024-02-19T00:08:00.733+0800][gc,phases   ] GC(0)   Other: 0.4ms
[2024-02-19T00:08:00.733+0800][gc,heap     ] GC(0) Eden regions: 51->0(44)
[2024-02-19T00:08:00.733+0800][gc,heap     ] GC(0) Survivor regions: 0->7(7)
[2024-02-19T00:08:00.733+0800][gc,heap     ] GC(0) Old regions: 0->1
[2024-02-19T00:08:00.733+0800][gc,heap     ] GC(0) Archive regions: 2->2
[2024-02-19T00:08:00.733+0800][gc,heap     ] GC(0) Humongous regions: 0->0
[2024-02-19T00:08:00.733+0800][gc,metaspace] GC(0) Metaspace: 18760K(19008K)->18760K(19008K) NonClass: 16513K(16640K)->16513K(16640K) Class: 2247K(2368K)->2247K(2368K)
[2024-02-19T00:08:00.733+0800][gc          ] GC(0) Pause Young (Normal) (G1 Evacuation Pause) 51M->8M(1024M) 4.130ms
[2024-02-19T00:08:00.733+0800][gc,cpu      ] GC(0) User=0.01s Sys=0.01s Real=0.00s
[2024-02-19T00:08:00.835+0800][gc,start    ] GC(1) Pause Young (Concurrent Start) (Metadata GC Threshold)
[2024-02-19T00:08:00.835+0800][gc,task     ] GC(1) Using 8 workers of 8 for evacuation
[2024-02-19T00:08:00.838+0800][gc,phases   ] GC(1)   Pre Evacuate Collection Set: 0.2ms
[2024-02-19T00:08:00.838+0800][gc,phases   ] GC(1)   Merge Heap Roots: 0.0ms
[2024-02-19T00:08:00.838+0800][gc,phases   ] GC(1)   Evacuate Collection Set: 2.5ms
[2024-02-19T00:08:00.838+0800][gc,phases   ] GC(1)   Post Evacuate Collection Set: 0.2ms
[2024-02-19T00:08:00.838+0800][gc,phases   ] GC(1)   Other: 0.2ms
[2024-02-19T00:08:00.838+0800][gc,heap     ] GC(1) Eden regions: 10->0(49)
[2024-02-19T00:08:00.838+0800][gc,heap     ] GC(1) Survivor regions: 7->2(7)
[2024-02-19T00:08:00.838+0800][gc,heap     ] GC(1) Old regions: 1->8
[2024-02-19T00:08:00.838+0800][gc,heap     ] GC(1) Archive regions: 2->2
[2024-02-19T00:08:00.838+0800][gc,heap     ] GC(1) Humongous regions: 0->0
[2024-02-19T00:08:00.838+0800][gc,metaspace] GC(1) Metaspace: 21275K(21504K)->21275K(21504K) NonClass: 18707K(18816K)->18707K(18816K) Class: 2568K(2688K)->2568K(2688K)
[2024-02-19T00:08:00.838+0800][gc          ] GC(1) Pause Young (Concurrent Start) (Metadata GC Threshold) 17M->9M(1024M) 3.143ms
[2024-02-19T00:08:00.838+0800][gc,cpu      ] GC(1) User=0.01s Sys=0.01s Real=0.01s
[2024-02-19T00:08:00.838+0800][gc          ] GC(2) Concurrent Mark Cycle
[2024-02-19T00:08:00.838+0800][gc,marking  ] GC(2) Concurrent Clear Claimed Marks
[2024-02-19T00:08:00.838+0800][gc,marking  ] GC(2) Concurrent Clear Claimed Marks 0.015ms
[2024-02-19T00:08:00.838+0800][gc,marking  ] GC(2) Concurrent Scan Root Regions
[2024-02-19T00:08:00.840+0800][gc,marking  ] GC(2) Concurrent Scan Root Regions 1.908ms
[2024-02-19T00:08:00.840+0800][gc,marking  ] GC(2) Concurrent Mark
[2024-02-19T00:08:00.840+0800][gc,marking  ] GC(2) Concurrent Mark From Roots
[2024-02-19T00:08:00.840+0800][gc,task     ] GC(2) Using 2 workers of 2 for marking
[2024-02-19T00:08:00.841+0800][gc,marking  ] GC(2) Concurrent Mark From Roots 0.877ms
[2024-02-19T00:08:00.841+0800][gc,marking  ] GC(2) Concurrent Preclean
[2024-02-19T00:08:00.841+0800][gc,marking  ] GC(2) Concurrent Preclean 0.043ms
[2024-02-19T00:08:00.841+0800][gc,start    ] GC(2) Pause Remark
[2024-02-19T00:08:00.842+0800][gc          ] GC(2) Pause Remark 9M->9M(1024M) 0.931ms
[2024-02-19T00:08:00.842+0800][gc,cpu      ] GC(2) User=0.00s Sys=0.00s Real=0.00s
[2024-02-19T00:08:00.842+0800][gc,marking  ] GC(2) Concurrent Mark 2.042ms
[2024-02-19T00:08:00.842+0800][gc,marking  ] GC(2) Concurrent Rebuild Remembered Sets
[2024-02-19T00:08:00.844+0800][gc,marking  ] GC(2) Concurrent Rebuild Remembered Sets 1.561ms
[2024-02-19T00:08:00.844+0800][gc,start    ] GC(2) Pause Cleanup
[2024-02-19T00:08:00.844+0800][gc          ] GC(2) Pause Cleanup 9M->9M(1024M) 0.098ms
[2024-02-19T00:08:00.844+0800][gc,cpu      ] GC(2) User=0.00s Sys=0.00s Real=0.00s
[2024-02-19T00:08:00.844+0800][gc,marking  ] GC(2) Concurrent Cleanup for Next Mark
[2024-02-19T00:08:00.846+0800][gc,marking  ] GC(2) Concurrent Cleanup for Next Mark 2.458ms
[2024-02-19T00:08:00.847+0800][gc          ] GC(2) Concurrent Mark Cycle 8.317ms
[2024-02-19T00:08:01.331+0800][gc,start    ] GC(3) Pause Young (Normal) (G1 Evacuation Pause)
[2024-02-19T00:08:01.331+0800][gc,task     ] GC(3) Using 8 workers of 8 for evacuation
[2024-02-19T00:08:01.334+0800][gc,phases   ] GC(3)   Pre Evacuate Collection Set: 0.2ms
[2024-02-19T00:08:01.334+0800][gc,phases   ] GC(3)   Merge Heap Roots: 0.0ms
[2024-02-19T00:08:01.334+0800][gc,phases   ] GC(3)   Evacuate Collection Set: 2.4ms
[2024-02-19T00:08:01.334+0800][gc,phases   ] GC(3)   Post Evacuate Collection Set: 0.3ms
[2024-02-19T00:08:01.334+0800][gc,phases   ] GC(3)   Other: 0.1ms
[2024-02-19T00:08:01.334+0800][gc,heap     ] GC(3) Eden regions: 49->0(45)
[2024-02-19T00:08:01.334+0800][gc,heap     ] GC(3) Survivor regions: 2->6(7)
[2024-02-19T00:08:01.334+0800][gc,heap     ] GC(3) Old regions: 8->8
[2024-02-19T00:08:01.334+0800][gc,heap     ] GC(3) Archive regions: 2->2
[2024-02-19T00:08:01.334+0800][gc,heap     ] GC(3) Humongous regions: 129->129
[2024-02-19T00:08:01.334+0800][gc,metaspace] GC(3) Metaspace: 30842K(31104K)->30842K(31104K) NonClass: 27367K(27520K)->27367K(27520K) Class: 3474K(3584K)->3474K(3584K)
[2024-02-19T00:08:01.334+0800][gc          ] GC(3) Pause Young (Normal) (G1 Evacuation Pause) 187M->142M(1024M) 3.098ms
[2024-02-19T00:08:01.334+0800][gc,cpu      ] GC(3) User=0.01s Sys=0.00s Real=0.00s
[2024-02-19T00:08:01.561+0800][gc,start    ] GC(4) Pause Young (Concurrent Start) (Metadata GC Threshold)
[2024-02-19T00:08:01.561+0800][gc,task     ] GC(4) Using 8 workers of 8 for evacuation
[2024-02-19T00:08:01.564+0800][gc,phases   ] GC(4)   Pre Evacuate Collection Set: 0.1ms
[2024-02-19T00:08:01.564+0800][gc,phases   ] GC(4)   Merge Heap Roots: 0.0ms
[2024-02-19T00:08:01.564+0800][gc,phases   ] GC(4)   Evacuate Collection Set: 3.0ms
[2024-02-19T00:08:01.564+0800][gc,phases   ] GC(4)   Post Evacuate Collection Set: 0.2ms
[2024-02-19T00:08:01.564+0800][gc,phases   ] GC(4)   Other: 0.1ms
[2024-02-19T00:08:01.564+0800][gc,heap     ] GC(4) Eden regions: 22->0(49)
[2024-02-19T00:08:01.564+0800][gc,heap     ] GC(4) Survivor regions: 6->2(7)
[2024-02-19T00:08:01.564+0800][gc,heap     ] GC(4) Old regions: 8->13
[2024-02-19T00:08:01.564+0800][gc,heap     ] GC(4) Archive regions: 2->2
[2024-02-19T00:08:01.564+0800][gc,heap     ] GC(4) Humongous regions: 129->129
[2024-02-19T00:08:01.564+0800][gc,metaspace] GC(4) Metaspace: 35692K(35968K)->35692K(35968K) NonClass: 31632K(31808K)->31632K(31808K) Class: 4059K(4160K)->4059K(4160K)
[2024-02-19T00:08:01.564+0800][gc          ] GC(4) Pause Young (Concurrent Start) (Metadata GC Threshold) 164M->144M(1024M) 3.591ms
[2024-02-19T00:08:01.564+0800][gc,cpu      ] GC(4) User=0.02s Sys=0.00s Real=0.00s
[2024-02-19T00:08:01.564+0800][gc          ] GC(5) Concurrent Mark Cycle
[2024-02-19T00:08:01.564+0800][gc,marking  ] GC(5) Concurrent Clear Claimed Marks
[2024-02-19T00:08:01.564+0800][gc,marking  ] GC(5) Concurrent Clear Claimed Marks 0.024ms
[2024-02-19T00:08:01.564+0800][gc,marking  ] GC(5) Concurrent Scan Root Regions
[2024-02-19T00:08:01.566+0800][gc,marking  ] GC(5) Concurrent Scan Root Regions 1.796ms
[2024-02-19T00:08:01.566+0800][gc,marking  ] GC(5) Concurrent Mark
[2024-02-19T00:08:01.566+0800][gc,marking  ] GC(5) Concurrent Mark From Roots
[2024-02-19T00:08:01.566+0800][gc,task     ] GC(5) Using 2 workers of 2 for marking
[2024-02-19T00:08:01.570+0800][gc,marking  ] GC(5) Concurrent Mark From Roots 3.815ms
[2024-02-19T00:08:01.570+0800][gc,marking  ] GC(5) Concurrent Preclean
[2024-02-19T00:08:01.570+0800][gc,marking  ] GC(5) Concurrent Preclean 0.093ms
[2024-02-19T00:08:01.570+0800][gc,start    ] GC(5) Pause Remark
[2024-02-19T00:08:01.571+0800][gc          ] GC(5) Pause Remark 144M->144M(1024M) 0.917ms
[2024-02-19T00:08:01.571+0800][gc,cpu      ] GC(5) User=0.00s Sys=0.00s Real=0.00s
[2024-02-19T00:08:01.571+0800][gc,marking  ] GC(5) Concurrent Mark 4.969ms
[2024-02-19T00:08:01.571+0800][gc,marking  ] GC(5) Concurrent Rebuild Remembered Sets
[2024-02-19T00:08:01.574+0800][gc,marking  ] GC(5) Concurrent Rebuild Remembered Sets 3.105ms
[2024-02-19T00:08:01.574+0800][gc,start    ] GC(5) Pause Cleanup
[2024-02-19T00:08:01.575+0800][gc          ] GC(5) Pause Cleanup 145M->145M(1024M) 0.134ms
[2024-02-19T00:08:01.575+0800][gc,cpu      ] GC(5) User=0.00s Sys=0.00s Real=0.00s
[2024-02-19T00:08:01.575+0800][gc,marking  ] GC(5) Concurrent Cleanup for Next Mark
[2024-02-19T00:08:01.578+0800][gc,marking  ] GC(5) Concurrent Cleanup for Next Mark 3.372ms
[2024-02-19T00:08:01.578+0800][gc          ] GC(5) Concurrent Mark Cycle 13.663ms
[2024-02-19T00:13:18.837+0800][gc,start    ] GC(6) Pause Young (Normal) (G1 Evacuation Pause)
[2024-02-19T00:13:18.837+0800][gc,task     ] GC(6) Using 8 workers of 8 for evacuation
[2024-02-19T00:13:18.840+0800][gc,phases   ] GC(6)   Pre Evacuate Collection Set: 0.2ms
[2024-02-19T00:13:18.840+0800][gc,phases   ] GC(6)   Merge Heap Roots: 0.1ms
[2024-02-19T00:13:18.840+0800][gc,phases   ] GC(6)   Evacuate Collection Set: 2.4ms
[2024-02-19T00:13:18.840+0800][gc,phases   ] GC(6)   Post Evacuate Collection Set: 0.5ms
[2024-02-19T00:13:18.840+0800][gc,phases   ] GC(6)   Other: 0.1ms
[2024-02-19T00:13:18.840+0800][gc,heap     ] GC(6) Eden regions: 49->0(46)
[2024-02-19T00:13:18.840+0800][gc,heap     ] GC(6) Survivor regions: 2->5(7)
[2024-02-19T00:13:18.840+0800][gc,heap     ] GC(6) Old regions: 13->13
[2024-02-19T00:13:18.840+0800][gc,heap     ] GC(6) Archive regions: 2->2
[2024-02-19T00:13:18.840+0800][gc,heap     ] GC(6) Humongous regions: 135->129
[2024-02-19T00:13:18.840+0800][gc,metaspace] GC(6) Metaspace: 40901K(41536K)->40901K(41536K) NonClass: 36107K(36480K)->36107K(36480K) Class: 4794K(5056K)->4794K(5056K)
[2024-02-19T00:13:18.840+0800][gc          ] GC(6) Pause Young (Normal) (G1 Evacuation Pause) 199M->147M(1024M) 3.368ms
[2024-02-19T00:13:18.840+0800][gc,cpu      ] GC(6) User=0.02s Sys=0.00s Real=0.00s
[2024-02-19T00:14:54.805+0800][gc,heap,exit] Heap
[2024-02-19T00:14:54.805+0800][gc,heap,exit]  garbage-first heap   total 1048576K, used 169204K [0x00000000c0000000, 0x0000000100000000)
[2024-02-19T00:14:54.805+0800][gc,heap,exit]   region size 1024K, 23 young (23552K), 5 survivors (5120K)
[2024-02-19T00:14:54.805+0800][gc,heap,exit]  Metaspace       used 41567K, committed 42112K, reserved 1114112K
[2024-02-19T00:14:54.805+0800][gc,heap,exit]   class space    used 4946K, committed 5184K, reserved 1048576K
