[2024-02-05T18:29:59.713+0800][gc] Using G1
[2024-02-05T18:29:59.721+0800][gc,init] Version: 17.0.9+9-Ubuntu-122.04 (release)
[2024-02-05T18:29:59.721+0800][gc,init] CPUs: 8 total, 8 available
[2024-02-05T18:29:59.721+0800][gc,init] Memory: 15767M
[2024-02-05T18:29:59.721+0800][gc,init] Large Page Support: Disabled
[2024-02-05T18:29:59.721+0800][gc,init] NUMA Support: Disabled
[2024-02-05T18:29:59.721+0800][gc,init] Compressed Oops: Enabled (32-bit)
[2024-02-05T18:29:59.721+0800][gc,init] Heap Region Size: 1M
[2024-02-05T18:29:59.721+0800][gc,init] Heap Min Capacity: 1G
[2024-02-05T18:29:59.721+0800][gc,init] Heap Initial Capacity: 1G
[2024-02-05T18:29:59.721+0800][gc,init] Heap Max Capacity: 1G
[2024-02-05T18:29:59.721+0800][gc,init] Pre-touch: Disabled
[2024-02-05T18:29:59.721+0800][gc,init] Parallel Workers: 8
[2024-02-05T18:29:59.721+0800][gc,init] Concurrent Workers: 2
[2024-02-05T18:29:59.721+0800][gc,init] Concurrent Refinement Workers: 8
[2024-02-05T18:29:59.721+0800][gc,init] Periodic GC: Disabled
[2024-02-05T18:29:59.726+0800][gc,metaspace] CDS archive(s) mapped at: [0x00007f9893000000-0x00007f9893bc6000-0x00007f9893bc6000), size 12345344, SharedBaseAddress: 0x00007f9893000000, ArchiveRelocationMode: 1.
[2024-02-05T18:29:59.726+0800][gc,metaspace] Compressed class space mapped at: 0x00007f9894000000-0x00007f98d4000000, reserved size: 1073741824
[2024-02-05T18:29:59.726+0800][gc,metaspace] Narrow klass base: 0x00007f9893000000, Narrow klass shift: 0, Narrow klass range: 0x100000000
[2024-02-05T18:30:00.359+0800][gc,start    ] GC(0) Pause Young (Normal) (G1 Evacuation Pause)
[2024-02-05T18:30:00.360+0800][gc,task     ] GC(0) Using 8 workers of 8 for evacuation
[2024-02-05T18:30:00.362+0800][gc,phases   ] GC(0)   Pre Evacuate Collection Set: 0.1ms
[2024-02-05T18:30:00.362+0800][gc,phases   ] GC(0)   Merge Heap Roots: 0.0ms
[2024-02-05T18:30:00.362+0800][gc,phases   ] GC(0)   Evacuate Collection Set: 2.2ms
[2024-02-05T18:30:00.362+0800][gc,phases   ] GC(0)   Post Evacuate Collection Set: 0.3ms
[2024-02-05T18:30:00.362+0800][gc,phases   ] GC(0)   Other: 0.4ms
[2024-02-05T18:30:00.362+0800][gc,heap     ] GC(0) Eden regions: 51->0(44)
[2024-02-05T18:30:00.362+0800][gc,heap     ] GC(0) Survivor regions: 0->7(7)
[2024-02-05T18:30:00.362+0800][gc,heap     ] GC(0) Old regions: 0->1
[2024-02-05T18:30:00.362+0800][gc,heap     ] GC(0) Archive regions: 2->2
[2024-02-05T18:30:00.362+0800][gc,heap     ] GC(0) Humongous regions: 0->0
[2024-02-05T18:30:00.362+0800][gc,metaspace] GC(0) Metaspace: 18794K(19008K)->18794K(19008K) NonClass: 16545K(16640K)->16545K(16640K) Class: 2248K(2368K)->2248K(2368K)
[2024-02-05T18:30:00.362+0800][gc          ] GC(0) Pause Young (Normal) (G1 Evacuation Pause) 51M->8M(1024M) 3.073ms
[2024-02-05T18:30:00.362+0800][gc,cpu      ] GC(0) User=0.00s Sys=0.02s Real=0.01s
[2024-02-05T18:30:00.462+0800][gc,start    ] GC(1) Pause Young (Concurrent Start) (Metadata GC Threshold)
[2024-02-05T18:30:00.462+0800][gc,task     ] GC(1) Using 8 workers of 8 for evacuation
[2024-02-05T18:30:00.465+0800][gc,phases   ] GC(1)   Pre Evacuate Collection Set: 0.1ms
[2024-02-05T18:30:00.465+0800][gc,phases   ] GC(1)   Merge Heap Roots: 0.0ms
[2024-02-05T18:30:00.465+0800][gc,phases   ] GC(1)   Evacuate Collection Set: 2.0ms
[2024-02-05T18:30:00.465+0800][gc,phases   ] GC(1)   Post Evacuate Collection Set: 0.3ms
[2024-02-05T18:30:00.465+0800][gc,phases   ] GC(1)   Other: 0.1ms
[2024-02-05T18:30:00.465+0800][gc,heap     ] GC(1) Eden regions: 9->0(50)
[2024-02-05T18:30:00.465+0800][gc,heap     ] GC(1) Survivor regions: 7->1(7)
[2024-02-05T18:30:00.465+0800][gc,heap     ] GC(1) Old regions: 1->8
[2024-02-05T18:30:00.465+0800][gc,heap     ] GC(1) Archive regions: 2->2
[2024-02-05T18:30:00.465+0800][gc,heap     ] GC(1) Humongous regions: 0->0
[2024-02-05T18:30:00.465+0800][gc,metaspace] GC(1) Metaspace: 21262K(21504K)->21262K(21504K) NonClass: 18694K(18816K)->18694K(18816K) Class: 2567K(2688K)->2567K(2688K)
[2024-02-05T18:30:00.465+0800][gc          ] GC(1) Pause Young (Concurrent Start) (Metadata GC Threshold) 17M->9M(1024M) 2.631ms
[2024-02-05T18:30:00.465+0800][gc,cpu      ] GC(1) User=0.02s Sys=0.00s Real=0.00s
[2024-02-05T18:30:00.465+0800][gc          ] GC(2) Concurrent Mark Cycle
[2024-02-05T18:30:00.465+0800][gc,marking  ] GC(2) Concurrent Clear Claimed Marks
[2024-02-05T18:30:00.465+0800][gc,marking  ] GC(2) Concurrent Clear Claimed Marks 0.009ms
[2024-02-05T18:30:00.465+0800][gc,marking  ] GC(2) Concurrent Scan Root Regions
[2024-02-05T18:30:00.466+0800][gc,marking  ] GC(2) Concurrent Scan Root Regions 1.244ms
[2024-02-05T18:30:00.466+0800][gc,marking  ] GC(2) Concurrent Mark
[2024-02-05T18:30:00.466+0800][gc,marking  ] GC(2) Concurrent Mark From Roots
[2024-02-05T18:30:00.466+0800][gc,task     ] GC(2) Using 2 workers of 2 for marking
[2024-02-05T18:30:00.467+0800][gc,marking  ] GC(2) Concurrent Mark From Roots 0.776ms
[2024-02-05T18:30:00.467+0800][gc,marking  ] GC(2) Concurrent Preclean
[2024-02-05T18:30:00.467+0800][gc,marking  ] GC(2) Concurrent Preclean 0.035ms
[2024-02-05T18:30:00.467+0800][gc,start    ] GC(2) Pause Remark
[2024-02-05T18:30:00.468+0800][gc          ] GC(2) Pause Remark 9M->9M(1024M) 0.833ms
[2024-02-05T18:30:00.468+0800][gc,cpu      ] GC(2) User=0.00s Sys=0.00s Real=0.00s
[2024-02-05T18:30:00.468+0800][gc,marking  ] GC(2) Concurrent Mark 1.809ms
[2024-02-05T18:30:00.468+0800][gc,marking  ] GC(2) Concurrent Rebuild Remembered Sets
[2024-02-05T18:30:00.470+0800][gc,marking  ] GC(2) Concurrent Rebuild Remembered Sets 1.741ms
[2024-02-05T18:30:00.470+0800][gc,start    ] GC(2) Pause Cleanup
[2024-02-05T18:30:00.470+0800][gc          ] GC(2) Pause Cleanup 9M->9M(1024M) 0.102ms
[2024-02-05T18:30:00.470+0800][gc,cpu      ] GC(2) User=0.00s Sys=0.00s Real=0.00s
[2024-02-05T18:30:00.470+0800][gc,marking  ] GC(2) Concurrent Cleanup for Next Mark
[2024-02-05T18:30:00.473+0800][gc,marking  ] GC(2) Concurrent Cleanup for Next Mark 2.560ms
[2024-02-05T18:30:00.473+0800][gc          ] GC(2) Concurrent Mark Cycle 7.619ms
[2024-02-05T18:30:01.251+0800][gc,start    ] GC(3) Pause Young (Normal) (G1 Evacuation Pause)
[2024-02-05T18:30:01.251+0800][gc,task     ] GC(3) Using 8 workers of 8 for evacuation
[2024-02-05T18:30:01.256+0800][gc,phases   ] GC(3)   Pre Evacuate Collection Set: 0.1ms
[2024-02-05T18:30:01.256+0800][gc,phases   ] GC(3)   Merge Heap Roots: 0.0ms
[2024-02-05T18:30:01.256+0800][gc,phases   ] GC(3)   Evacuate Collection Set: 4.9ms
[2024-02-05T18:30:01.256+0800][gc,phases   ] GC(3)   Post Evacuate Collection Set: 0.3ms
[2024-02-05T18:30:01.256+0800][gc,phases   ] GC(3)   Other: 0.1ms
[2024-02-05T18:30:01.256+0800][gc,heap     ] GC(3) Eden regions: 50->0(45)
[2024-02-05T18:30:01.256+0800][gc,heap     ] GC(3) Survivor regions: 1->6(7)
[2024-02-05T18:30:01.256+0800][gc,heap     ] GC(3) Old regions: 8->8
[2024-02-05T18:30:01.256+0800][gc,heap     ] GC(3) Archive regions: 2->2
[2024-02-05T18:30:01.256+0800][gc,heap     ] GC(3) Humongous regions: 129->129
[2024-02-05T18:30:01.256+0800][gc,metaspace] GC(3) Metaspace: 30954K(31232K)->30954K(31232K) NonClass: 27461K(27584K)->27461K(27584K) Class: 3492K(3648K)->3492K(3648K)
[2024-02-05T18:30:01.256+0800][gc          ] GC(3) Pause Young (Normal) (G1 Evacuation Pause) 188M->143M(1024M) 5.566ms
[2024-02-05T18:30:01.256+0800][gc,cpu      ] GC(3) User=0.02s Sys=0.00s Real=0.01s
[2024-02-05T18:30:01.551+0800][gc,start    ] GC(4) Pause Young (Concurrent Start) (Metadata GC Threshold)
[2024-02-05T18:30:01.551+0800][gc,task     ] GC(4) Using 8 workers of 8 for evacuation
[2024-02-05T18:30:01.554+0800][gc,phases   ] GC(4)   Pre Evacuate Collection Set: 0.1ms
[2024-02-05T18:30:01.554+0800][gc,phases   ] GC(4)   Merge Heap Roots: 0.0ms
[2024-02-05T18:30:01.554+0800][gc,phases   ] GC(4)   Evacuate Collection Set: 2.9ms
[2024-02-05T18:30:01.555+0800][gc,phases   ] GC(4)   Post Evacuate Collection Set: 0.3ms
[2024-02-05T18:30:01.555+0800][gc,phases   ] GC(4)   Other: 0.1ms
[2024-02-05T18:30:01.555+0800][gc,heap     ] GC(4) Eden regions: 22->0(49)
[2024-02-05T18:30:01.555+0800][gc,heap     ] GC(4) Survivor regions: 6->2(7)
[2024-02-05T18:30:01.555+0800][gc,heap     ] GC(4) Old regions: 8->14
[2024-02-05T18:30:01.555+0800][gc,heap     ] GC(4) Archive regions: 2->2
[2024-02-05T18:30:01.555+0800][gc,heap     ] GC(4) Humongous regions: 129->129
[2024-02-05T18:30:01.555+0800][gc,metaspace] GC(4) Metaspace: 35668K(35968K)->35668K(35968K) NonClass: 31611K(31808K)->31611K(31808K) Class: 4057K(4160K)->4057K(4160K)
[2024-02-05T18:30:01.555+0800][gc          ] GC(4) Pause Young (Concurrent Start) (Metadata GC Threshold) 164M->144M(1024M) 3.550ms
[2024-02-05T18:30:01.555+0800][gc,cpu      ] GC(4) User=0.01s Sys=0.00s Real=0.01s
[2024-02-05T18:30:01.555+0800][gc          ] GC(5) Concurrent Mark Cycle
[2024-02-05T18:30:01.555+0800][gc,marking  ] GC(5) Concurrent Clear Claimed Marks
[2024-02-05T18:30:01.555+0800][gc,marking  ] GC(5) Concurrent Clear Claimed Marks 0.027ms
[2024-02-05T18:30:01.555+0800][gc,marking  ] GC(5) Concurrent Scan Root Regions
[2024-02-05T18:30:01.557+0800][gc,marking  ] GC(5) Concurrent Scan Root Regions 1.964ms
[2024-02-05T18:30:01.557+0800][gc,marking  ] GC(5) Concurrent Mark
[2024-02-05T18:30:01.557+0800][gc,marking  ] GC(5) Concurrent Mark From Roots
[2024-02-05T18:30:01.557+0800][gc,task     ] GC(5) Using 2 workers of 2 for marking
[2024-02-05T18:30:01.562+0800][gc,marking  ] GC(5) Concurrent Mark From Roots 5.198ms
[2024-02-05T18:30:01.562+0800][gc,marking  ] GC(5) Concurrent Preclean
[2024-02-05T18:30:01.562+0800][gc,marking  ] GC(5) Concurrent Preclean 0.112ms
[2024-02-05T18:30:01.562+0800][gc,start    ] GC(5) Pause Remark
[2024-02-05T18:30:01.564+0800][gc          ] GC(5) Pause Remark 145M->145M(1024M) 1.812ms
[2024-02-05T18:30:01.564+0800][gc,cpu      ] GC(5) User=0.00s Sys=0.00s Real=0.00s
[2024-02-05T18:30:01.564+0800][gc,marking  ] GC(5) Concurrent Mark 7.452ms
[2024-02-05T18:30:01.564+0800][gc,marking  ] GC(5) Concurrent Rebuild Remembered Sets
[2024-02-05T18:30:01.568+0800][gc,marking  ] GC(5) Concurrent Rebuild Remembered Sets 4.054ms
[2024-02-05T18:30:01.568+0800][gc,start    ] GC(5) Pause Cleanup
[2024-02-05T18:30:01.568+0800][gc          ] GC(5) Pause Cleanup 145M->145M(1024M) 0.148ms
[2024-02-05T18:30:01.568+0800][gc,cpu      ] GC(5) User=0.00s Sys=0.00s Real=0.00s
[2024-02-05T18:30:01.568+0800][gc,marking  ] GC(5) Concurrent Cleanup for Next Mark
[2024-02-05T18:30:01.572+0800][gc,marking  ] GC(5) Concurrent Cleanup for Next Mark 3.961ms
[2024-02-05T18:30:01.573+0800][gc          ] GC(5) Concurrent Mark Cycle 17.921ms
[2024-02-05T18:34:37.731+0800][gc,start    ] GC(6) Pause Young (Prepare Mixed) (G1 Evacuation Pause)
[2024-02-05T18:34:37.731+0800][gc,task     ] GC(6) Using 8 workers of 8 for evacuation
[2024-02-05T18:34:37.734+0800][gc,phases   ] GC(6)   Pre Evacuate Collection Set: 0.1ms
[2024-02-05T18:34:37.734+0800][gc,phases   ] GC(6)   Merge Heap Roots: 0.2ms
[2024-02-05T18:34:37.734+0800][gc,phases   ] GC(6)   Evacuate Collection Set: 2.4ms
[2024-02-05T18:34:37.734+0800][gc,phases   ] GC(6)   Post Evacuate Collection Set: 0.5ms
[2024-02-05T18:34:37.734+0800][gc,phases   ] GC(6)   Other: 0.2ms
[2024-02-05T18:34:37.734+0800][gc,heap     ] GC(6) Eden regions: 49->0(46)
[2024-02-05T18:34:37.734+0800][gc,heap     ] GC(6) Survivor regions: 2->5(7)
[2024-02-05T18:34:37.734+0800][gc,heap     ] GC(6) Old regions: 14->14
[2024-02-05T18:34:37.734+0800][gc,heap     ] GC(6) Archive regions: 2->2
[2024-02-05T18:34:37.734+0800][gc,heap     ] GC(6) Humongous regions: 135->129
[2024-02-05T18:34:37.734+0800][gc,metaspace] GC(6) Metaspace: 40793K(41280K)->40793K(41280K) NonClass: 35934K(36224K)->35934K(36224K) Class: 4859K(5056K)->4859K(5056K)
[2024-02-05T18:34:37.734+0800][gc          ] GC(6) Pause Young (Prepare Mixed) (G1 Evacuation Pause) 199M->147M(1024M) 3.495ms
[2024-02-05T18:34:37.734+0800][gc,cpu      ] GC(6) User=0.01s Sys=0.00s Real=0.01s
[2024-02-05T18:34:38.139+0800][gc,heap,exit] Heap
[2024-02-05T18:34:38.139+0800][gc,heap,exit]  garbage-first heap   total 1048576K, used 158299K [0x00000000c0000000, 0x0000000100000000)
[2024-02-05T18:34:38.139+0800][gc,heap,exit]   region size 1024K, 13 young (13312K), 5 survivors (5120K)
[2024-02-05T18:34:38.139+0800][gc,heap,exit]  Metaspace       used 41193K, committed 41792K, reserved 1114112K
[2024-02-05T18:34:38.139+0800][gc,heap,exit]   class space    used 4951K, committed 5184K, reserved 1048576K
