[2024-02-18T23:20:19.068+0800][gc] Using G1
[2024-02-18T23:20:19.072+0800][gc,init] Version: 17.0.9+9-Ubuntu-122.04 (release)
[2024-02-18T23:20:19.072+0800][gc,init] CPUs: 8 total, 8 available
[2024-02-18T23:20:19.072+0800][gc,init] Memory: 15767M
[2024-02-18T23:20:19.072+0800][gc,init] Large Page Support: Disabled
[2024-02-18T23:20:19.072+0800][gc,init] NUMA Support: Disabled
[2024-02-18T23:20:19.072+0800][gc,init] Compressed Oops: Enabled (32-bit)
[2024-02-18T23:20:19.072+0800][gc,init] Heap Region Size: 1M
[2024-02-18T23:20:19.072+0800][gc,init] Heap Min Capacity: 512M
[2024-02-18T23:20:19.072+0800][gc,init] Heap Initial Capacity: 512M
[2024-02-18T23:20:19.072+0800][gc,init] Heap Max Capacity: 512M
[2024-02-18T23:20:19.072+0800][gc,init] Pre-touch: Disabled
[2024-02-18T23:20:19.072+0800][gc,init] Parallel Workers: 8
[2024-02-18T23:20:19.072+0800][gc,init] Concurrent Workers: 2
[2024-02-18T23:20:19.072+0800][gc,init] Concurrent Refinement Workers: 8
[2024-02-18T23:20:19.072+0800][gc,init] Periodic GC: Disabled
[2024-02-18T23:20:19.076+0800][gc,metaspace] CDS archive(s) mapped at: [0x00007f4f1f000000-0x00007f4f1fbc6000-0x00007f4f1fbc6000), size 12345344, SharedBaseAddress: 0x00007f4f1f000000, ArchiveRelocationMode: 1.
[2024-02-18T23:20:19.076+0800][gc,metaspace] Compressed class space mapped at: 0x00007f4f20000000-0x00007f4f60000000, reserved size: 1073741824
[2024-02-18T23:20:19.076+0800][gc,metaspace] Narrow klass base: 0x00007f4f1f000000, Narrow klass shift: 0, Narrow klass range: 0x100000000
[2024-02-18T23:20:40.471+0800][gc,start    ] GC(0) Pause Young (Normal) (G1 Evacuation Pause)
[2024-02-18T23:20:40.471+0800][gc,task     ] GC(0) Using 8 workers of 8 for evacuation
[2024-02-18T23:20:40.473+0800][gc,phases   ] GC(0)   Pre Evacuate Collection Set: 0.1ms
[2024-02-18T23:20:40.473+0800][gc,phases   ] GC(0)   Merge Heap Roots: 0.0ms
[2024-02-18T23:20:40.473+0800][gc,phases   ] GC(0)   Evacuate Collection Set: 2.0ms
[2024-02-18T23:20:40.473+0800][gc,phases   ] GC(0)   Post Evacuate Collection Set: 0.2ms
[2024-02-18T23:20:40.473+0800][gc,phases   ] GC(0)   Other: 0.5ms
[2024-02-18T23:20:40.473+0800][gc,heap     ] GC(0) Eden regions: 25->0(21)
[2024-02-18T23:20:40.473+0800][gc,heap     ] GC(0) Survivor regions: 0->4(4)
[2024-02-18T23:20:40.473+0800][gc,heap     ] GC(0) Old regions: 0->4
[2024-02-18T23:20:40.473+0800][gc,heap     ] GC(0) Archive regions: 2->2
[2024-02-18T23:20:40.473+0800][gc,heap     ] GC(0) Humongous regions: 0->0
[2024-02-18T23:20:40.473+0800][gc,metaspace] GC(0) Metaspace: 8029K(8192K)->8029K(8192K) NonClass: 7130K(7232K)->7130K(7232K) Class: 899K(960K)->899K(960K)
[2024-02-18T23:20:40.474+0800][gc          ] GC(0) Pause Young (Normal) (G1 Evacuation Pause) 25M->8M(512M) 2.807ms
[2024-02-18T23:20:40.474+0800][gc,cpu      ] GC(0) User=0.01s Sys=0.01s Real=0.00s
[2024-02-18T23:21:38.660+0800][gc,heap,exit] Heap
[2024-02-18T23:21:38.660+0800][gc,heap,exit]  garbage-first heap   total 524288K, used 12831K [0x00000000e0000000, 0x0000000100000000)
[2024-02-18T23:21:38.660+0800][gc,heap,exit]   region size 1024K, 9 young (9216K), 4 survivors (4096K)
[2024-02-18T23:21:38.660+0800][gc,heap,exit]  Metaspace       used 8366K, committed 8512K, reserved 1114112K
[2024-02-18T23:21:38.660+0800][gc,heap,exit]   class space    used 921K, committed 1024K, reserved 1048576K
