[2024-02-17T17:28:26.533+0800][gc] Using G1
[2024-02-17T17:28:26.537+0800][gc,init] Version: 17.0.9+9-Ubuntu-122.04 (release)
[2024-02-17T17:28:26.537+0800][gc,init] CPUs: 8 total, 8 available
[2024-02-17T17:28:26.537+0800][gc,init] Memory: 15767M
[2024-02-17T17:28:26.537+0800][gc,init] Large Page Support: Disabled
[2024-02-17T17:28:26.537+0800][gc,init] NUMA Support: Disabled
[2024-02-17T17:28:26.537+0800][gc,init] Compressed Oops: Enabled (32-bit)
[2024-02-17T17:28:26.537+0800][gc,init] Heap Region Size: 1M
[2024-02-17T17:28:26.537+0800][gc,init] Heap Min Capacity: 512M
[2024-02-17T17:28:26.537+0800][gc,init] Heap Initial Capacity: 512M
[2024-02-17T17:28:26.537+0800][gc,init] Heap Max Capacity: 512M
[2024-02-17T17:28:26.537+0800][gc,init] Pre-touch: Disabled
[2024-02-17T17:28:26.537+0800][gc,init] Parallel Workers: 8
[2024-02-17T17:28:26.537+0800][gc,init] Concurrent Workers: 2
[2024-02-17T17:28:26.537+0800][gc,init] Concurrent Refinement Workers: 8
[2024-02-17T17:28:26.537+0800][gc,init] Periodic GC: Disabled
[2024-02-17T17:28:26.541+0800][gc,metaspace] CDS archive(s) mapped at: [0x00007f0217000000-0x00007f0217bc6000-0x00007f0217bc6000), size 12345344, SharedBaseAddress: 0x00007f0217000000, ArchiveRelocationMode: 1.
[2024-02-17T17:28:26.541+0800][gc,metaspace] Compressed class space mapped at: 0x00007f0218000000-0x00007f0258000000, reserved size: 1073741824
[2024-02-17T17:28:26.541+0800][gc,metaspace] Narrow klass base: 0x00007f0217000000, Narrow klass shift: 0, Narrow klass range: 0x100000000
[2024-02-17T17:34:22.359+0800][gc,heap,exit] Heap
[2024-02-17T17:34:22.359+0800][gc,heap,exit]  garbage-first heap   total 524288K, used 25520K [0x00000000e0000000, 0x0000000100000000)
[2024-02-17T17:34:22.359+0800][gc,heap,exit]   region size 1024K, 24 young (24576K), 0 survivors (0K)
[2024-02-17T17:34:22.359+0800][gc,heap,exit]  Metaspace       used 7784K, committed 7936K, reserved 1114112K
[2024-02-17T17:34:22.359+0800][gc,heap,exit]   class space    used 873K, committed 960K, reserved 1048576K
