[2024-02-17T17:29:26.084+0800][gc] Using G1
[2024-02-17T17:29:26.087+0800][gc,init] Version: 17.0.9+9-Ubuntu-122.04 (release)
[2024-02-17T17:29:26.087+0800][gc,init] CPUs: 8 total, 8 available
[2024-02-17T17:29:26.088+0800][gc,init] Memory: 15767M
[2024-02-17T17:29:26.088+0800][gc,init] Large Page Support: Disabled
[2024-02-17T17:29:26.088+0800][gc,init] NUMA Support: Disabled
[2024-02-17T17:29:26.088+0800][gc,init] Compressed Oops: Enabled (32-bit)
[2024-02-17T17:29:26.088+0800][gc,init] Heap Region Size: 1M
[2024-02-17T17:29:26.088+0800][gc,init] Heap Min Capacity: 512M
[2024-02-17T17:29:26.088+0800][gc,init] Heap Initial Capacity: 512M
[2024-02-17T17:29:26.088+0800][gc,init] Heap Max Capacity: 512M
[2024-02-17T17:29:26.088+0800][gc,init] Pre-touch: Disabled
[2024-02-17T17:29:26.088+0800][gc,init] Parallel Workers: 8
[2024-02-17T17:29:26.088+0800][gc,init] Concurrent Workers: 2
[2024-02-17T17:29:26.088+0800][gc,init] Concurrent Refinement Workers: 8
[2024-02-17T17:29:26.088+0800][gc,init] Periodic GC: Disabled
[2024-02-17T17:29:26.092+0800][gc,metaspace] CDS archive(s) mapped at: [0x00007fe45b000000-0x00007fe45bbc6000-0x00007fe45bbc6000), size 12345344, SharedBaseAddress: 0x00007fe45b000000, ArchiveRelocationMode: 1.
[2024-02-17T17:29:26.092+0800][gc,metaspace] Compressed class space mapped at: 0x00007fe45c000000-0x00007fe49c000000, reserved size: 1073741824
[2024-02-17T17:29:26.092+0800][gc,metaspace] Narrow klass base: 0x00007fe45b000000, Narrow klass shift: 0, Narrow klass range: 0x100000000
[2024-02-17T17:29:26.334+0800][gc,heap,exit] Heap
[2024-02-17T17:29:26.334+0800][gc,heap,exit]  garbage-first heap   total 524288K, used 18352K [0x00000000e0000000, 0x0000000100000000)
[2024-02-17T17:29:26.334+0800][gc,heap,exit]   region size 1024K, 17 young (17408K), 0 survivors (0K)
[2024-02-17T17:29:26.334+0800][gc,heap,exit]  Metaspace       used 6843K, committed 7040K, reserved 1114112K
[2024-02-17T17:29:26.334+0800][gc,heap,exit]   class space    used 766K, committed 896K, reserved 1048576K
